---
source: crates/uitest/tests/ty_check.rs
expression: diags
input_file: fixtures/ty_check/method_bound/generics.fe
---
error[6-0003]: trait bound is not satisfied
   ┌─ generics.fe:46:5
   │
46 │     x.clamped_add(y)
   │     ^^^^^^^^^^^^^^^^
   │     │
   │     `u32` doesn't implement `ClampedAdd<i64>`
   │     trait bound `i64: Clamp<u32>` is not satisfied
