---
source: tests/src/compile_errors.rs
expression: "error_string(&path, &src)"

---
error: a function with the same name already exists
  ┌─ compile_errors/duplicate_method_in_contract.fe:6:5
  │  
6 │ ╭     pub def bar():
7 │ │         pass
  │ ╰────────────^ Conflicting definition of function `bar`
  │  
  = Note: Give one of the `bar` functions a different name


