---
source: crates/parser2/tests/syntax_node.rs
expression: node
input_file: crates/parser2/test_files/syntax_node/items/enums.fe
---
Root@0..428
  ItemList@0..428
    Item@0..15
      Enum@0..13
        EnumKw@0..4 "enum"
        WhiteSpace@4..5 " "
        Ident@5..10 "Empty"
        WhiteSpace@10..11 " "
        VariantDefList@11..13
          LBrace@11..12 "{"
          RBrace@12..13 "}"
      Newline@13..15 "\n\n"
    Item@15..58
      Enum@15..56
        EnumKw@15..19 "enum"
        WhiteSpace@19..20 " "
        Ident@20..25 "Basic"
        WhiteSpace@25..26 " "
        VariantDefList@26..56
          LBrace@26..27 "{"
          Newline@27..28 "\n"
          WhiteSpace@28..32 "    "
          VariantDef@32..36
            Ident@32..36 "Unit"
          Newline@36..37 "\n"
          WhiteSpace@37..41 "    "
          VariantDef@41..54
            Ident@41..44 "Tup"
            TupleType@44..54
              LParen@44..45 "("
              PathType@45..48
                Path@45..48
                  PathSegment@45..48
                    Ident@45..48 "i32"
              Comma@48..49 ","
              WhiteSpace@49..50 " "
              PathType@50..53
                Path@50..53
                  PathSegment@50..53
                    Ident@50..53 "u32"
              RParen@53..54 ")"
          Newline@54..55 "\n"
          RBrace@55..56 "}"
      Newline@56..58 "\n\n"
    Item@58..140
      Enum@58..138
        EnumKw@58..62 "enum"
        WhiteSpace@62..63 " "
        Ident@63..77 "RecordVariants"
        WhiteSpace@77..78 " "
        VariantDefList@78..138
          LBrace@78..79 "{"
          Newline@79..80 "\n"
          WhiteSpace@80..85 "     "
          VariantDef@85..113
            Ident@85..94 "Rectangle"
            WhiteSpace@94..95 " "
            RecordFieldDefList@95..113
              LBrace@95..96 "{"
              WhiteSpace@96..97 " "
              RecordFieldDef@97..103
                Ident@97..98 "w"
                Colon@98..99 ":"
                WhiteSpace@99..100 " "
                PathType@100..103
                  Path@100..103
                    PathSegment@100..103
                      Ident@100..103 "u32"
              Comma@103..104 ","
              WhiteSpace@104..105 " "
              RecordFieldDef@105..111
                Ident@105..106 "h"
                Colon@106..107 ":"
                WhiteSpace@107..108 " "
                PathType@108..111
                  Path@108..111
                    PathSegment@108..111
                      Ident@108..111 "u32"
              WhiteSpace@111..112 " "
              RBrace@112..113 "}"
          Newline@113..114 "\n"
          WhiteSpace@114..119 "     "
          VariantDef@119..136
            Ident@119..125 "Circle"
            WhiteSpace@125..126 " "
            RecordFieldDefList@126..136
              LBrace@126..127 "{"
              WhiteSpace@127..128 " "
              RecordFieldDef@128..134
                Ident@128..129 "r"
                Colon@129..130 ":"
                WhiteSpace@130..131 " "
                PathType@131..134
                  Path@131..134
                    PathSegment@131..134
                      Ident@131..134 "u32"
              WhiteSpace@134..135 " "
              RBrace@135..136 "}"
          Newline@136..137 "\n"
          RBrace@137..138 "}"
      Newline@138..140 "\n\n"
    Item@140..200
      Enum@140..198
        EnumKw@140..144 "enum"
        WhiteSpace@144..145 " "
        Ident@145..151 "Option"
        GenericParamList@151..154
          Lt@151..152 "<"
          TypeGenericParam@152..153
            Ident@152..153 "T"
          Gt@153..154 ">"
        Newline@154..155 "\n"
        WhiteSpace@155..159 "    "
        WhereClause@159..174
          WhereKw@159..164 "where"
          WhiteSpace@164..165 " "
          WherePredicate@165..174
            PathType@165..166
              Path@165..166
                PathSegment@165..166
                  Ident@165..166 "T"
            TypeBoundList@166..173
              Colon@166..167 ":"
              WhiteSpace@167..168 " "
              TypeBound@168..173
                TraitRef@168..173
                  Path@168..173
                    PathSegment@168..173
                      Ident@168..173 "Clone"
            Newline@173..174 "\n"
        VariantDefList@174..198
          LBrace@174..175 "{"
          Newline@175..176 "\n"
          WhiteSpace@176..180 "    "
          VariantDef@180..187
            Ident@180..184 "Some"
            TupleType@184..187
              LParen@184..185 "("
              PathType@185..186
                Path@185..186
                  PathSegment@185..186
                    Ident@185..186 "T"
              RParen@186..187 ")"
          Newline@187..188 "\n"
          WhiteSpace@188..192 "    "
          VariantDef@192..196
            Ident@192..196 "None"
          Newline@196..197 "\n"
          RBrace@197..198 "}"
      Newline@198..200 "\n\n"
    Item@200..302
      Enum@200..300
        EnumKw@200..204 "enum"
        WhiteSpace@204..205 " "
        Ident@205..214 "BoundEnum"
        GenericParamList@214..243
          Lt@214..215 "<"
          TypeGenericParam@215..227
            Ident@215..216 "T"
            TypeBoundList@216..227
              Colon@216..217 ":"
              WhiteSpace@217..218 " "
              TypeBound@218..221
                TraitRef@218..221
                  Path@218..221
                    PathSegment@218..221
                      Ident@218..221 "Add"
              WhiteSpace@221..222 " "
              Plus@222..223 "+"
              WhiteSpace@223..224 " "
              TypeBound@224..227
                TraitRef@224..227
                  Path@224..227
                    PathSegment@224..227
                      Ident@224..227 "Mul"
          WhiteSpace@227..228 " "
          Comma@228..229 ","
          WhiteSpace@229..230 " "
          TypeGenericParam@230..242
            Ident@230..231 "U"
            TypeBoundList@231..242
              Colon@231..232 ":"
              WhiteSpace@232..233 " "
              TypeBound@233..236
                TraitRef@233..236
                  Path@233..236
                    PathSegment@233..236
                      Ident@233..236 "Sub"
              WhiteSpace@236..237 " "
              Plus@237..238 "+"
              WhiteSpace@238..239 " "
              TypeBound@239..242
                TraitRef@239..242
                  Path@239..242
                    PathSegment@239..242
                      Ident@239..242 "Div"
          Gt@242..243 ">"
        Newline@243..244 "\n"
        WhereClause@244..269
          WhereKw@244..249 "where"
          WhiteSpace@249..250 " "
          WherePredicate@250..269
            PathType@250..261
              Path@250..258
                PathSegment@250..253
                  Ident@250..253 "Foo"
                Colon2@253..255 "::"
                PathSegment@255..258
                  Ident@255..258 "Bar"
              GenericArgList@258..261
                Lt@258..259 "<"
                TypeGenericArg@259..260
                  PathType@259..260
                    Path@259..260
                      PathSegment@259..260
                        Ident@259..260 "T"
                Gt@260..261 ">"
            TypeBoundList@261..268
              Colon@261..262 ":"
              WhiteSpace@262..263 " "
              TypeBound@263..268
                TraitRef@263..268
                  Path@263..268
                    PathSegment@263..268
                      Ident@263..268 "Trait"
            Newline@268..269 "\n"
        VariantDefList@269..300
          LBrace@269..270 "{"
          Newline@270..271 "\n"
          WhiteSpace@271..275 "    "
          VariantDef@275..284
            Ident@275..281 "AddMul"
            TupleType@281..284
              LParen@281..282 "("
              PathType@282..283
                Path@282..283
                  PathSegment@282..283
                    Ident@282..283 "T"
              RParen@283..284 ")"
          Newline@284..285 "\n"
          WhiteSpace@285..289 "    "
          VariantDef@289..298
            Ident@289..295 "SubDiv"
            TupleType@295..298
              LParen@295..296 "("
              PathType@296..297
                Path@296..297
                  PathSegment@296..297
                    Ident@296..297 "U"
              RParen@297..298 ")"
          Newline@298..299 "\n"
          RBrace@299..300 "}"
      Newline@300..302 "\n\n"
    Item@302..428
      Enum@302..427
        EnumKw@302..306 "enum"
        WhiteSpace@306..307 " "
        Ident@307..314 "HKTEnum"
        GenericParamList@314..334
          Lt@314..315 "<"
          TypeGenericParam@315..324
            Ident@315..316 "T"
            TypeBoundList@316..324
              Colon@316..317 ":"
              WhiteSpace@317..318 " "
              TypeBound@318..324
                KindBoundAbs@318..324
                  KindBoundMono@318..319
                    Star@318..319 "*"
                  WhiteSpace@319..320 " "
                  Arrow@320..322 "->"
                  WhiteSpace@322..323 " "
                  KindBoundMono@323..324
                    Star@323..324 "*"
          Comma@324..325 ","
          WhiteSpace@325..326 " "
          TypeGenericParam@326..327
            Ident@326..327 "U"
          Comma@327..328 ","
          WhiteSpace@328..329 " "
          TypeGenericParam@329..330
            Ident@329..330 "V"
          Comma@330..331 ","
          WhiteSpace@331..332 " "
          TypeGenericParam@332..333
            Ident@332..333 "W"
          Gt@333..334 ">"
        Newline@334..335 "\n"
        WhereClause@335..410
          WhereKw@335..340 "where"
          WhiteSpace@340..341 " "
          Newline@341..342 "\n"
          WhiteSpace@342..345 "   "
          WherePredicate@345..362
            PathType@345..346
              Path@345..346
                PathSegment@345..346
                  Ident@345..346 "U"
            TypeBoundList@346..361
              Colon@346..347 ":"
              WhiteSpace@347..348 " "
              TypeBound@348..361
                KindBoundAbs@348..361
                  LParen@348..349 "("
                  KindBoundAbs@349..355
                    KindBoundMono@349..350
                      Star@349..350 "*"
                    WhiteSpace@350..351 " "
                    Arrow@351..353 "->"
                    WhiteSpace@353..354 " "
                    KindBoundMono@354..355
                      Star@354..355 "*"
                  RParen@355..356 ")"
                  WhiteSpace@356..357 " "
                  Arrow@357..359 "->"
                  WhiteSpace@359..360 " "
                  KindBoundMono@360..361
                    Star@360..361 "*"
            Newline@361..362 "\n"
          WhiteSpace@362..365 "   "
          WherePredicate@365..387
            PathType@365..366
              Path@365..366
                PathSegment@365..366
                  Ident@365..366 "V"
            TypeBoundList@366..386
              Colon@366..367 ":"
              WhiteSpace@367..368 " "
              TypeBound@368..386
                KindBoundAbs@368..386
                  KindBoundMono@368..369
                    Star@368..369 "*"
                  WhiteSpace@369..370 " "
                  Arrow@370..372 "->"
                  KindBoundAbs@372..386
                    WhiteSpace@372..373 " "
                    KindBoundMono@373..374
                      Star@373..374 "*"
                    WhiteSpace@374..375 " "
                    Arrow@375..377 "->"
                    WhiteSpace@377..378 " "
                    LParen@378..379 "("
                    KindBoundAbs@379..385
                      KindBoundMono@379..380
                        Star@379..380 "*"
                      WhiteSpace@380..381 " "
                      Arrow@381..383 "->"
                      WhiteSpace@383..384 " "
                      KindBoundMono@384..385
                        Star@384..385 "*"
                    RParen@385..386 ")"
            Newline@386..387 "\n"
          WhiteSpace@387..390 "   "
          WherePredicate@390..410
            PathType@390..391
              Path@390..391
                PathSegment@390..391
                  Ident@390..391 "W"
            TypeBoundList@391..409
              Colon@391..392 ":"
              WhiteSpace@392..393 " "
              TypeBound@393..409
                KindBoundAbs@393..409
                  KindBoundMono@393..394
                    Star@393..394 "*"
                  WhiteSpace@394..395 " "
                  Arrow@395..397 "->"
                  KindBoundAbs@397..409
                    WhiteSpace@397..398 " "
                    KindBoundMono@398..399
                      Star@398..399 "*"
                    WhiteSpace@399..400 " "
                    Arrow@400..402 "->"
                    KindBoundAbs@402..409
                      WhiteSpace@402..403 " "
                      KindBoundMono@403..404
                        Star@403..404 "*"
                      WhiteSpace@404..405 " "
                      Arrow@405..407 "->"
                      WhiteSpace@407..408 " "
                      KindBoundMono@408..409
                        Star@408..409 "*"
            Newline@409..410 "\n"
        VariantDefList@410..427
          LBrace@410..411 "{"
          Newline@411..412 "\n"
          WhiteSpace@412..416 "    "
          VariantDef@416..425
            Ident@416..419 "Foo"
            TupleType@419..425
              LParen@419..420 "("
              PathType@420..424
                Path@420..421
                  PathSegment@420..421
                    Ident@420..421 "U"
                GenericArgList@421..424
                  Lt@421..422 "<"
                  TypeGenericArg@422..423
                    PathType@422..423
                      Path@422..423
                        PathSegment@422..423
                          Ident@422..423 "T"
                  Gt@423..424 ">"
              RParen@424..425 ")"
          Newline@425..426 "\n"
          RBrace@426..427 "}"
      Newline@427..428 "\n"

