---
source: crates/parser2/tests/syntax_node.rs
expression: node
input_file: crates/parser2/test_files/syntax_node/items/impl.fe
---
Root@0..266
  ItemList@0..266
    Impl@0..134
      ImplKw@0..4 "impl"
      WhiteSpace@4..5 " "
      PathType@5..21
        Path@5..13
          PathSegment@5..8
            Ident@5..8 "Foo"
          Colon2@8..10 "::"
          PathSegment@10..13
            Ident@10..13 "Bar"
        GenericArgList@13..21
          Lt@13..14 "<"
          TypeGenericArg@14..20
            PathType@14..15
              Path@14..15
                PathSegment@14..15
                  Ident@14..15 "T"
            TypeBoundList@15..20
              Colon@15..16 ":"
              WhiteSpace@16..17 " "
              TypeBound@17..20
                Path@17..20
                  PathSegment@17..20
                    Ident@17..20 "Add"
          Gt@20..21 ">"
      WhiteSpace@21..22 " "
      ImplItemList@22..134
        LBrace@22..23 "{"
        Newline@23..24 "\n"
        WhiteSpace@24..28 "    "
        Fn@28..132
          ItemModifier@28..31
            PubKw@28..31 "pub"
          WhiteSpace@31..32 " "
          FnKw@32..34 "fn"
          WhiteSpace@34..35 " "
          Ident@35..38 "add"
          FnArgList@38..55
            LParen@38..39 "("
            FnArg@39..43
              SelfKw@39..43 "self"
            Comma@43..44 ","
            WhiteSpace@44..45 " "
            FnArg@45..54
              Ident@45..48 "rhs"
              Colon@48..49 ":"
              WhiteSpace@49..50 " "
              SelfType@50..54
                SelfTypeKw@50..54 "Self"
            RParen@54..55 ")"
          WhiteSpace@55..56 " "
          Arrow@56..58 "->"
          WhiteSpace@58..59 " "
          SelfType@59..63
            SelfTypeKw@59..63 "Self"
          WhiteSpace@63..64 " "
          BlockExpr@64..132
            LBrace@64..65 "{"
            Newline@65..66 "\n"
            WhiteSpace@66..74 "        "
            ExprStmt@74..126
              RecordInitExpr@74..126
                PathExpr@74..78
                  Path@74..78
                    PathSegment@74..78
                      SelfTypeKw@74..78 "Self"
                WhiteSpace@78..79 " "
                RecordFieldList@79..126
                  LBrace@79..80 "{"
                  Newline@80..81 "\n"
                  WhiteSpace@81..93 "            "
                  RecordField@93..116
                    Ident@93..96 "val"
                    Colon@96..97 ":"
                    WhiteSpace@97..98 " "
                    BinExpr@98..116
                      FieldExpr@98..106
                        PathExpr@98..102
                          Path@98..102
                            PathSegment@98..102
                              SelfKw@98..102 "self"
                        Dot@102..103 "."
                        Ident@103..106 "val"
                      WhiteSpace@106..107 " "
                      Plus@107..108 "+"
                      WhiteSpace@108..109 " "
                      FieldExpr@109..116
                        PathExpr@109..112
                          Path@109..112
                            PathSegment@109..112
                              Ident@109..112 "rhs"
                        Dot@112..113 "."
                        Ident@113..116 "val"
                  Newline@116..117 "\n"
                  WhiteSpace@117..125 "        "
                  RBrace@125..126 "}"
            Newline@126..127 "\n"
            WhiteSpace@127..131 "    "
            RBrace@131..132 "}"
        Newline@132..133 "\n"
        RBrace@133..134 "}"
    Newline@134..136 "\n\n"
    Impl@136..266
      ImplKw@136..140 "impl"
      WhiteSpace@140..141 " "
      PathType@141..147
        Path@141..144
          PathSegment@141..144
            Ident@141..144 "Foo"
        GenericArgList@144..147
          Lt@144..145 "<"
          TypeGenericArg@145..146
            PathType@145..146
              Path@145..146
                PathSegment@145..146
                  Ident@145..146 "T"
          Gt@146..147 ">"
      WhiteSpace@147..148 " "
      Newline@148..149 "\n"
      WhereClause@149..169
        WhereKw@149..154 "where"
        WhiteSpace@154..155 " "
        WherePredicate@155..169
          PathType@155..161
            Path@155..158
              PathSegment@155..158
                Ident@155..158 "Foo"
            GenericArgList@158..161
              Lt@158..159 "<"
              TypeGenericArg@159..160
                PathType@159..160
                  Path@159..160
                    PathSegment@159..160
                      Ident@159..160 "T"
              Gt@160..161 ">"
          TypeBoundList@161..168
            Colon@161..162 ":"
            WhiteSpace@162..163 " "
            TypeBound@163..168
              Path@163..168
                PathSegment@163..168
                  Ident@163..168 "Clone"
          Newline@168..169 "\n"
      ImplItemList@169..266
        LBrace@169..170 "{"
        Newline@170..171 "\n"
        WhiteSpace@171..175 "    "
        Fn@175..264
          FnKw@175..177 "fn"
          WhiteSpace@177..178 " "
          Ident@178..181 "add"
          GenericParamList@181..192
            Lt@181..182 "<"
            TypeGenericParam@182..191
              Ident@182..183 "U"
              TypeBoundList@183..191
                Colon@183..184 ":"
                WhiteSpace@184..185 " "
                TypeBound@185..191
                  Path@185..188
                    PathSegment@185..188
                      Ident@185..188 "Add"
                  GenericArgList@188..191
                    Lt@188..189 "<"
                    TypeGenericArg@189..190
                      PathType@189..190
                        Path@189..190
                          PathSegment@189..190
                            Ident@189..190 "T"
                    Gt@190..191 ">"
            Gt@191..192 ">"
          FnArgList@192..206
            LParen@192..193 "("
            FnArg@193..197
              SelfKw@193..197 "self"
            Comma@197..198 ","
            WhiteSpace@198..199 " "
            FnArg@199..205
              Ident@199..202 "rhs"
              Colon@202..203 ":"
              WhiteSpace@203..204 " "
              PathType@204..205
                Path@204..205
                  PathSegment@204..205
                    Ident@204..205 "U"
            RParen@205..206 ")"
          WhiteSpace@206..207 " "
          Newline@207..208 "\n"
          WhiteSpace@208..216 "        "
          WhereClause@216..230
            WhereKw@216..221 "where"
            WhiteSpace@221..222 " "
            WherePredicate@222..230
              PathType@222..223
                Path@222..223
                  PathSegment@222..223
                    Ident@222..223 "T"
              TypeBoundList@223..229
                Colon@223..224 ":"
                WhiteSpace@224..225 " "
                TypeBound@225..229
                  Path@225..229
                    PathSegment@225..229
                      Ident@225..229 "Copy"
              Newline@229..230 "\n"
          WhiteSpace@230..234 "    "
          BlockExpr@234..264
            LBrace@234..235 "{"
            Newline@235..236 "\n"
            WhiteSpace@236..244 "        "
            ExprStmt@244..258
              ParenExpr@244..258
                LParen@244..245 "("
                BinExpr@245..257
                  PathExpr@245..248
                    Path@245..248
                      PathSegment@245..248
                        Ident@245..248 "rhs"
                  WhiteSpace@248..249 " "
                  Minus@249..250 "-"
                  WhiteSpace@250..251 " "
                  FieldExpr@251..257
                    PathExpr@251..255
                      Path@251..255
                        PathSegment@251..255
                          SelfKw@251..255 "self"
                    Dot@255..256 "."
                    Ident@256..257 "t"
                RParen@257..258 ")"
            Newline@258..259 "\n"
            WhiteSpace@259..263 "    "
            RBrace@263..264 "}"
        Newline@264..265 "\n"
        RBrace@265..266 "}"

