---
source: crates/parser2/tests/syntax_node.rs
expression: node
input_file: crates/parser2/test_files/syntax_node/items/type.fe
---
Root@0..54
  ItemList@0..54
    Item@0..21
      TypeAlias@0..18
        ItemModifier@0..3
          PubKw@0..3 "pub"
        WhiteSpace@3..4 " "
        TypeKw@4..8 "type"
        WhiteSpace@8..9 " "
        Ident@9..12 "Int"
        WhiteSpace@12..13 " "
        Eq@13..14 "="
        WhiteSpace@14..15 " "
        PathType@15..18
          Path@15..18
            PathSegment@15..18
              Ident@15..18 "i32"
      WhiteSpace@18..19 " "
      Newline@19..21 "\n\n"
    Item@21..54
      TypeAlias@21..54
        TypeKw@21..25 "type"
        WhiteSpace@25..26 " "
        Ident@26..32 "Result"
        GenericParamList@32..35
          Lt@32..33 "<"
          TypeGenericParam@33..34
            Ident@33..34 "T"
          Gt@34..35 ">"
        WhiteSpace@35..36 " "
        Eq@36..37 "="
        WhiteSpace@37..38 " "
        PathType@38..54
          Path@38..44
            PathSegment@38..44
              Ident@38..44 "Result"
          GenericArgList@44..54
            Lt@44..45 "<"
            TypeGenericArg@45..46
              PathType@45..46
                Path@45..46
                  PathSegment@45..46
                    Ident@45..46 "T"
            Comma@46..47 ","
            WhiteSpace@47..48 " "
            TypeGenericArg@48..53
              PathType@48..53
                Path@48..53
                  PathSegment@48..53
                    Ident@48..53 "Error"
            Gt@53..54 ">"

