---
source: tests/src/analysis.rs
expression: "build_snapshot(fixture, &src, &context)"

---
ModuleAttributes {
    type_defs: {
        "Foo": Contract(
            Contract {
                name: "Foo",
                functions: [
                    FunctionAttributes {
                        is_public: true,
                        name: "bar",
                        params: [],
                        return_type: Base(
                            Numeric(
                                I256,
                            ),
                        ),
                    },
                ],
            },
        ),
    },
}

note: 
  ┌─ features/return_i256.fe:3:17
  │
3 │         return -3
  │                 ^ attributes hash: 16797824492585953824
  │
  = ExpressionAttributes {
        typ: Base(
            Numeric(
                U256,
            ),
        ),
        location: Value,
        move_location: None,
    }

note: 
  ┌─ features/return_i256.fe:3:16
  │
3 │         return -3
  │                ^^ attributes hash: 17351186385905986417
  │
  = ExpressionAttributes {
        typ: Base(
            Numeric(
                I256,
            ),
        ),
        location: Value,
        move_location: None,
    }

note: 
  ┌─ features/return_i256.fe:2:5
  │  
2 │ ╭     pub def bar() -> i256:
3 │ │         return -3
  │ ╰─────────────────^ attributes hash: 4524760048564830723
  │  
  = FunctionAttributes {
        is_public: true,
        name: "bar",
        params: [],
        return_type: Base(
            Numeric(
                I256,
            ),
        ),
    }

note: 
  ┌─ features/return_i256.fe:1:1
  │  
1 │ ╭ contract Foo:
2 │ │     pub def bar() -> i256:
3 │ │         return -3
  │ ╰─────────────────^ attributes hash: 1920076299477765340
  │  
  = ContractAttributes {
        public_functions: [
            FunctionAttributes {
                is_public: true,
                name: "bar",
                params: [],
                return_type: Base(
                    Numeric(
                        I256,
                    ),
                ),
            },
        ],
        init_function: None,
        events: [],
        string_literals: {},
        structs: [],
        external_contracts: [],
        created_contracts: {},
    }

note: 
  ┌─ features/return_i256.fe:2:22
  │
2 │     pub def bar() -> i256:
  │                      ^^^^ attributes hash: 5923332062417896707
  │
  = Base(
        Numeric(
            I256,
        ),
    )


