---
source: crates/analyzer/tests/analysis.rs
expression: "build_snapshot(\"features/call_statement_without_args.fe\", &src, module, &db)"

---
note: 
  ┌─ features/call_statement_without_args.fe:2:5
  │
2 │     baz: Map<u256, u256>
  │     ^^^^^^^^^^^^^^^^^^^^ Map<u256, u256>

note: 
  ┌─ features/call_statement_without_args.fe:4:5
  │  
4 │ ╭     fn assign(self):
5 │ │         self.baz[0] = 100
  │ ╰─────────────────────────^ attributes hash: 4369441865732737140
  │  
  = FunctionSignature {
        self_decl: Mutable,
        params: [],
        return_type: Ok(
            Base(
                Unit,
            ),
        ),
    }

note: 
  ┌─ features/call_statement_without_args.fe:7:5
  │  
7 │ ╭     pub fn bar(self) -> u256:
8 │ │         self.assign()
9 │ │         return self.baz[0]
  │ ╰──────────────────────────^ attributes hash: 16482263331346774611
  │  
  = FunctionSignature {
        self_decl: Mutable,
        params: [],
        return_type: Ok(
            Base(
                Numeric(
                    U256,
                ),
            ),
        ),
    }

note: 
  ┌─ features/call_statement_without_args.fe:5:9
  │
5 │         self.baz[0] = 100
  │         ^^^^^^^^ Map<u256, u256>: Storage { nonce: Some(0) } => None

note: 
  ┌─ features/call_statement_without_args.fe:5:18
  │
5 │         self.baz[0] = 100
  │                  ^ u256: Value => None

note: 
  ┌─ features/call_statement_without_args.fe:5:9
  │
5 │         self.baz[0] = 100
  │         ^^^^^^^^^^^ u256: Storage { nonce: None } => None

note: 
  ┌─ features/call_statement_without_args.fe:5:23
  │
5 │         self.baz[0] = 100
  │                       ^^^ u256: Value => None

note: 
  ┌─ features/call_statement_without_args.fe:8:9
  │
8 │         self.assign()
  │         ^^^^^^^^^^^^^ (): Value => None

note: 
  ┌─ features/call_statement_without_args.fe:9:16
  │
9 │         return self.baz[0]
  │                ^^^^^^^^ Map<u256, u256>: Storage { nonce: Some(0) } => None

note: 
  ┌─ features/call_statement_without_args.fe:9:25
  │
9 │         return self.baz[0]
  │                         ^ u256: Value => None

note: 
  ┌─ features/call_statement_without_args.fe:9:16
  │
9 │         return self.baz[0]
  │                ^^^^^^^^^^^ u256: Storage { nonce: None } => Some(Value)

note: 
  ┌─ features/call_statement_without_args.fe:8:9
  │
8 │         self.assign()
  │         ^^^^^^^^^^^ attributes hash: 17318279018058750260
  │
  = SelfAttribute {
        func_name: "assign",
        self_span: Span {
            start: 126,
            end: 130,
        },
    }


