---
source: crates/analyzer/tests/analysis.rs
expression: "build_snapshot(&db, module)"
---
note: 
  ┌─ while_loop_with_break.fe:2:5
  │  
2 │ ╭     pub fn bar() -> u256 {
3 │ │         let mut val: u256 = 0
4 │ │         while val < 2 {
5 │ │             val = val + 1
  · │
8 │ │         return val
9 │ │     }
  │ ╰─────^ params: [] -> u256

note: 
  ┌─ while_loop_with_break.fe:3:17
  │
3 │         let mut val: u256 = 0
  │                 ^^^ mut u256

note: 
  ┌─ while_loop_with_break.fe:3:29
  │
3 │         let mut val: u256 = 0
  │                             ^ u256
4 │         while val < 2 {
  │               ^^^   ^ u256
  │               │      
  │               mut u256

note: 
  ┌─ while_loop_with_break.fe:4:15
  │
4 │         while val < 2 {
  │               ^^^^^^^ bool
5 │             val = val + 1
  │             ^^^   ^^^   ^ u256
  │             │     │      
  │             │     mut u256
  │             mut u256

note: 
  ┌─ while_loop_with_break.fe:5:19
  │
5 │             val = val + 1
  │                   ^^^^^^^ u256
  ·
8 │         return val
  │                ^^^ mut u256


