---
source: crates/analyzer/tests/analysis.rs
expression: "build_snapshot(&db, module)"
---
note: 
  ┌─ enums.fe:2:5
  │
2 │     Unit
  │     ^^^^ unit
3 │     UnitTuple()
  │     ^^^^^^^^^^^ ()
4 │     Tuple(i32, u256)
  │     ^^^^^^^^^^^^^^^^ (i32, u256)

note: 
   ┌─ enums.fe:8:5
   │  
 8 │ ╭     pub fn bar(x: i32, y: u256) {
 9 │ │         let unit: MyEnum = MyEnum::Unit
10 │ │         let unit_tuple: MyEnum = MyEnum::UnitTuple()
11 │ │         let tuple: MyEnum = MyEnum::Tuple(x, y)
12 │ │     }
   │ ╰─────^ self: None, params: [{ label: None, name: x, typ: i32 }, { label: None, name: y, typ: u256 }] -> ()

note: 
   ┌─ enums.fe:9:13
   │
 9 │         let unit: MyEnum = MyEnum::Unit
   │             ^^^^ MyEnum
10 │         let unit_tuple: MyEnum = MyEnum::UnitTuple()
   │             ^^^^^^^^^^ MyEnum
11 │         let tuple: MyEnum = MyEnum::Tuple(x, y)
   │             ^^^^^ MyEnum

note: 
   ┌─ enums.fe:9:28
   │
 9 │         let unit: MyEnum = MyEnum::Unit
   │                            ^^^^^^^^^^^^ MyEnum: Memory
10 │         let unit_tuple: MyEnum = MyEnum::UnitTuple()
   │                                  ^^^^^^^^^^^^^^^^^^^ MyEnum: Memory
11 │         let tuple: MyEnum = MyEnum::Tuple(x, y)
   │                                           ^  ^ u256: Value
   │                                           │   
   │                                           i32: Value

note: 
   ┌─ enums.fe:11:29
   │
11 │         let tuple: MyEnum = MyEnum::Tuple(x, y)
   │                             ^^^^^^^^^^^^^^^^^^^ MyEnum: Memory


