---
source: crates/analyzer/tests/analysis.rs
expression: "build_snapshot(&db, module)"

---
note: 
  ┌─ u16_u16_map.fe:2:5
  │
2 │     bar: Map<u16, u16>
  │     ^^^^^^^^^^^^^^^^^^ Map<u16, u16>

note: 
  ┌─ u16_u16_map.fe:4:5
  │  
4 │ ╭     pub fn read_bar(self, key: u16) -> u16 {
5 │ │         return self.bar[key]
6 │ │     }
  │ ╰─────^ attributes hash: 18312053447303862075
  │  
  = FunctionSignature {
        self_decl: Some(
            Mutable,
        ),
        ctx_decl: None,
        params: [
            FunctionParam {
                label: None,
                name: "key",
                typ: Ok(
                    Base(
                        Numeric(
                            U16,
                        ),
                    ),
                ),
            },
        ],
        return_type: Ok(
            Base(
                Numeric(
                    U16,
                ),
            ),
        ),
    }

note: 
  ┌─ u16_u16_map.fe:5:16
  │
5 │         return self.bar[key]
  │                ^^^^ Foo: Value

note: 
  ┌─ u16_u16_map.fe:5:16
  │
5 │         return self.bar[key]
  │                ^^^^^^^^ ^^^ u16: Value
  │                │         
  │                Map<u16, u16>: Storage { nonce: Some(0) }

note: 
  ┌─ u16_u16_map.fe:5:16
  │
5 │         return self.bar[key]
  │                ^^^^^^^^^^^^^ u16: Storage { nonce: None } => Value

note: 
   ┌─ u16_u16_map.fe:8:5
   │  
 8 │ ╭     pub fn write_bar(self, key: u16, value: u16) {
 9 │ │         self.bar[key] = value
10 │ │     }
   │ ╰─────^ attributes hash: 8088868709641766820
   │  
   = FunctionSignature {
         self_decl: Some(
             Mutable,
         ),
         ctx_decl: None,
         params: [
             FunctionParam {
                 label: None,
                 name: "key",
                 typ: Ok(
                     Base(
                         Numeric(
                             U16,
                         ),
                     ),
                 ),
             },
             FunctionParam {
                 label: None,
                 name: "value",
                 typ: Ok(
                     Base(
                         Numeric(
                             U16,
                         ),
                     ),
                 ),
             },
         ],
         return_type: Ok(
             Base(
                 Unit,
             ),
         ),
     }

note: 
  ┌─ u16_u16_map.fe:9:9
  │
9 │         self.bar[key] = value
  │         ^^^^ Foo: Value

note: 
  ┌─ u16_u16_map.fe:9:9
  │
9 │         self.bar[key] = value
  │         ^^^^^^^^ ^^^ u16: Value
  │         │         
  │         Map<u16, u16>: Storage { nonce: Some(0) }

note: 
  ┌─ u16_u16_map.fe:9:9
  │
9 │         self.bar[key] = value
  │         ^^^^^^^^^^^^^   ^^^^^ u16: Value
  │         │                
  │         u16: Storage { nonce: None }


