---
source: crates/analyzer/tests/analysis.rs
expression: "build_snapshot(&db, module)"

---
note: 
  ┌─ call_statement_with_args_2.fe:2:5
  │
2 │     baz: Map<u256, u256>
  │     ^^^^^^^^^^^^^^^^^^^^ Map<u256, u256>

note: 
  ┌─ call_statement_with_args_2.fe:4:5
  │  
4 │ ╭     fn assign(self, val: u256) -> u256:
5 │ │         self.baz[0] = val
6 │ │         return val
  │ ╰──────────────────^ attributes hash: 18287971674339323054
  │  
  = FunctionSignature {
        self_decl: Some(
            Mutable,
        ),
        params: [
            FunctionParam {
                name: "val",
                typ: Ok(
                    Base(
                        Numeric(
                            U256,
                        ),
                    ),
                ),
            },
        ],
        return_type: Ok(
            Base(
                Numeric(
                    U256,
                ),
            ),
        ),
    }

note: 
  ┌─ call_statement_with_args_2.fe:5:9
  │
5 │         self.baz[0] = val
  │         ^^^^ Foo: Value

note: 
  ┌─ call_statement_with_args_2.fe:5:9
  │
5 │         self.baz[0] = val
  │         ^^^^^^^^ ^ u256: Value
  │         │         
  │         Map<u256, u256>: Storage { nonce: Some(0) }

note: 
  ┌─ call_statement_with_args_2.fe:5:9
  │
5 │         self.baz[0] = val
  │         ^^^^^^^^^^^   ^^^ u256: Value
  │         │              
  │         u256: Storage { nonce: None }
6 │         return val
  │                ^^^ u256: Value

note: 
   ┌─ call_statement_with_args_2.fe:8:5
   │  
 8 │ ╭     pub fn bar(self) -> u256:
 9 │ │         self.assign(100)
10 │ │         return self.baz[0]
   │ ╰──────────────────────────^ attributes hash: 2875164910451995213
   │  
   = FunctionSignature {
         self_decl: Some(
             Mutable,
         ),
         params: [],
         return_type: Ok(
             Base(
                 Numeric(
                     U256,
                 ),
             ),
         ),
     }

note: 
  ┌─ call_statement_with_args_2.fe:9:9
  │
9 │         self.assign(100)
  │         ^^^^        ^^^ u256: Value
  │         │            
  │         Foo: Value

note: 
   ┌─ call_statement_with_args_2.fe:9:9
   │
 9 │         self.assign(100)
   │         ^^^^^^^^^^^^^^^^ u256: Value
10 │         return self.baz[0]
   │                ^^^^ Foo: Value

note: 
   ┌─ call_statement_with_args_2.fe:10:16
   │
10 │         return self.baz[0]
   │                ^^^^^^^^ ^ u256: Value
   │                │         
   │                Map<u256, u256>: Storage { nonce: Some(0) }

note: 
   ┌─ call_statement_with_args_2.fe:10:16
   │
10 │         return self.baz[0]
   │                ^^^^^^^^^^^ u256: Storage { nonce: None } => Value


