---
source: crates/analyzer/tests/analysis.rs
expression: "build_snapshot(&db, module)"
---
note: 
  ┌─ call_statement_with_args.fe:2:5
  │
2 │     baz: Map<u256, u256>
  │     ^^^^^^^^^^^^^^^^^^^^ Map<u256, u256>

note: 
  ┌─ call_statement_with_args.fe:4:5
  │  
4 │ ╭     fn assign(mut self, _ val: u256) {
5 │ │         self.baz[0] = val
6 │ │     }
  │ ╰─────^ params: [mut self, { label: Some("_"), name: val, typ: u256 }] -> ()

note: 
  ┌─ call_statement_with_args.fe:5:9
  │
5 │         self.baz[0] = val
  │         ^^^^ mut Foo

note: 
  ┌─ call_statement_with_args.fe:5:9
  │
5 │         self.baz[0] = val
  │         ^^^^^^^^ ^ u256
  │         │         
  │         mut SPtr<Map<u256, u256>>

note: 
  ┌─ call_statement_with_args.fe:5:9
  │
5 │         self.baz[0] = val
  │         ^^^^^^^^^^^   ^^^ u256
  │         │              
  │         mut SPtr<u256>

note: 
   ┌─ call_statement_with_args.fe:8:5
   │  
 8 │ ╭     pub fn bar(mut self) -> u256 {
 9 │ │         self.assign(100)
10 │ │         return self.baz[0]
11 │ │     }
   │ ╰─────^ params: [mut self] -> u256

note: 
  ┌─ call_statement_with_args.fe:9:9
  │
9 │         self.assign(100)
  │         ^^^^        ^^^ u256
  │         │            
  │         mut Foo

note: 
   ┌─ call_statement_with_args.fe:9:9
   │
 9 │         self.assign(100)
   │         ^^^^^^^^^^^^^^^^ ()
10 │         return self.baz[0]
   │                ^^^^ mut Foo

note: 
   ┌─ call_statement_with_args.fe:10:16
   │
10 │         return self.baz[0]
   │                ^^^^^^^^ ^ u256
   │                │         
   │                mut SPtr<Map<u256, u256>>

note: 
   ┌─ call_statement_with_args.fe:10:16
   │
10 │         return self.baz[0]
   │                ^^^^^^^^^^^ mut SPtr<u256> -Load-> u256


