---
source: crates/analyzer/tests/analysis.rs
expression: "build_snapshot(\"features/return_u128_cast.fe\", &src, module, &db)"

---
note: 
  ┌─ features/return_u128_cast.fe:2:5
  │  
2 │ ╭     pub fn bar() -> u128:
3 │ │         return u128(42)
  │ ╰───────────────────────^ attributes hash: 16590220569563418042
  │  
  = FunctionSignature {
        params: [],
        return_type: Ok(
            Base(
                Numeric(
                    U128,
                ),
            ),
        ),
    }

note: 
  ┌─ features/return_u128_cast.fe:3:21
  │
3 │         return u128(42)
  │                     ^^ u128: Value => None

note: 
  ┌─ features/return_u128_cast.fe:3:16
  │
3 │         return u128(42)
  │                ^^^^^^^^ u128: Value => None

note: 
  ┌─ features/return_u128_cast.fe:3:16
  │
3 │         return u128(42)
  │                ^^^^ attributes hash: 2454885421097624260
  │
  = TypeConstructor {
        typ: Base(
            Numeric(
                U128,
            ),
        ),
    }


