---
source: crates/analyzer/tests/analysis.rs
expression: "build_snapshot(&db, module)"
---
note: 
  ┌─ return_u256_from_called_fn.fe:2:5
  │  
2 │ ╭     pub fn bar(self) -> u256 {
3 │ │         return foo()
4 │ │     }
  │ ╰─────^ params: [self] -> u256

note: 
  ┌─ return_u256_from_called_fn.fe:3:16
  │
3 │         return foo()
  │                ^^^^^ u256

note: 
  ┌─ return_u256_from_called_fn.fe:6:5
  │  
6 │ ╭     pub fn foo() -> u256 {
7 │ │         return 42
8 │ │     }
  │ ╰─────^ params: [] -> u256

note: 
  ┌─ return_u256_from_called_fn.fe:7:16
  │
7 │         return 42
  │                ^^ u256


