---
source: crates/analyzer/tests/analysis.rs
expression: "build_snapshot(\"features/create2_contract.fe\", &src, module, &db)"

---
note: 
  ┌─ features/create2_contract.fe:2:5
  │  
2 │ ╭     pub fn get_my_num() -> u256:
3 │ │         return 42
  │ ╰─────────────────^ attributes hash: 4553090961241945225
  │  
  = FunctionSignature {
        params: [],
        return_type: Ok(
            Base(
                Numeric(
                    U256,
                ),
            ),
        ),
    }

note: 
  ┌─ features/create2_contract.fe:6:5
  │  
6 │ ╭     pub fn create2_foo() -> address:
7 │ │         # value and salt
8 │ │         let foo: Foo = Foo.create2(0, 52)
9 │ │         return address(foo)
  │ ╰───────────────────────────^ attributes hash: 2195077967527136217
  │  
  = FunctionSignature {
        params: [],
        return_type: Ok(
            Base(
                Address,
            ),
        ),
    }

note: 
  ┌─ features/create2_contract.fe:3:16
  │
3 │         return 42
  │                ^^ u256: Value => None

note: 
  ┌─ features/create2_contract.fe:8:36
  │
8 │         let foo: Foo = Foo.create2(0, 52)
  │                                    ^ u256: Value => None

note: 
  ┌─ features/create2_contract.fe:8:39
  │
8 │         let foo: Foo = Foo.create2(0, 52)
  │                                       ^^ u256: Value => None

note: 
  ┌─ features/create2_contract.fe:8:24
  │
8 │         let foo: Foo = Foo.create2(0, 52)
  │                        ^^^^^^^^^^^^^^^^^^ Foo: Value => None

note: 
  ┌─ features/create2_contract.fe:9:24
  │
9 │         return address(foo)
  │                        ^^^ Foo: Value => None

note: 
  ┌─ features/create2_contract.fe:9:16
  │
9 │         return address(foo)
  │                ^^^^^^^^^^^^ address: Value => None

note: 
  ┌─ features/create2_contract.fe:8:18
  │
8 │         let foo: Foo = Foo.create2(0, 52)
  │                  ^^^ Foo

note: 
  ┌─ features/create2_contract.fe:8:24
  │
8 │         let foo: Foo = Foo.create2(0, 52)
  │                        ^^^^^^^^^^^ attributes hash: 7674167309652124319
  │
  = TypeAttribute {
        typ: Contract(
            Contract {
                name: "Foo",
                id: ContractId(
                    0,
                ),
            },
        ),
        func_name: "create2",
    }

note: 
  ┌─ features/create2_contract.fe:9:16
  │
9 │         return address(foo)
  │                ^^^^^^^ attributes hash: 14203407709342965641
  │
  = TypeConstructor {
        typ: Base(
            Address,
        ),
    }


