---
source: crates/analyzer/tests/analysis.rs
expression: "build_snapshot(&db, module)"

---
note: 
  ┌─ create2_contract.fe:4:5
  │  
4 │ ╭     pub fn get_my_num() -> u256:
5 │ │         return 42
  │ ╰─────────────────^ attributes hash: 6115314201970082834
  │  
  = FunctionSignature {
        self_decl: None,
        ctx_decl: None,
        params: [],
        return_type: Ok(
            Base(
                Numeric(
                    U256,
                ),
            ),
        ),
    }

note: 
  ┌─ create2_contract.fe:5:16
  │
5 │         return 42
  │                ^^ u256: Value

note: 
   ┌─ create2_contract.fe:8:5
   │  
 8 │ ╭     pub fn create2_foo(ctx: Context) -> address:
 9 │ │         # value and salt
10 │ │         let foo: Foo = Foo.create2(ctx, 0, 52)
11 │ │         return address(foo)
   │ ╰───────────────────────────^ attributes hash: 17345910255563017853
   │  
   = FunctionSignature {
         self_decl: None,
         ctx_decl: Some(
             Mutable,
         ),
         params: [
             FunctionParam {
                 name: "ctx",
                 typ: Ok(
                     Struct(
                         Struct {
                             name: "Context",
                             field_count: 0,
                         },
                     ),
                 ),
             },
         ],
         return_type: Ok(
             Base(
                 Address,
             ),
         ),
     }

note: 
   ┌─ create2_contract.fe:10:18
   │
10 │         let foo: Foo = Foo.create2(ctx, 0, 52)
   │                  ^^^ Foo

note: 
   ┌─ create2_contract.fe:10:36
   │
10 │         let foo: Foo = Foo.create2(ctx, 0, 52)
   │                                    ^^^  ^  ^^ u256: Value
   │                                    │    │   
   │                                    │    u256: Value
   │                                    Context: Memory

note: 
   ┌─ create2_contract.fe:10:24
   │
10 │         let foo: Foo = Foo.create2(ctx, 0, 52)
   │                        ^^^^^^^^^^^^^^^^^^^^^^^ Foo: Value
11 │         return address(foo)
   │                        ^^^ Foo: Value

note: 
   ┌─ create2_contract.fe:11:16
   │
11 │         return address(foo)
   │                ^^^^^^^^^^^^ address: Value


