---
source: crates/analyzer/tests/analysis.rs
expression: "build_snapshot(&db, module)"

---
note: 
  ┌─ guest_book.fe:7:5
  │
7 │     messages: Map<address, String<100>>
  │     ^^^^^^^^^^^^^^^^^^^^^^^^^^^^^^^^^^^ Map<address, String<100>>

note: 
   ┌─ guest_book.fe:11:9
   │
11 │         book_msg: String<100>
   │         ^^^^^^^^^^^^^^^^^^^^^ String<100>

note: 
   ┌─ guest_book.fe:13:5
   │  
13 │ ╭     pub fn sign(self, ctx: Context, book_msg: String<100>):
14 │ │         # All storage access is explicit using `self.<some-key>`
15 │ │         self.messages[ctx.msg_sender()] = book_msg
16 │ │ 
17 │ │         # Emit the `Signed` event
18 │ │         emit Signed(ctx, book_msg)
   │ ╰──────────────────────────────────^ attributes hash: 12497999579229810685
   │  
   = FunctionSignature {
         self_decl: Some(
             Mutable,
         ),
         ctx_decl: Some(
             Mutable,
         ),
         params: [
             FunctionParam {
                 label: None,
                 name: "ctx",
                 typ: Ok(
                     Struct(
                         Struct {
                             name: "Context",
                             field_count: 0,
                         },
                     ),
                 ),
             },
             FunctionParam {
                 label: None,
                 name: "book_msg",
                 typ: Ok(
                     String(
                         FeString {
                             max_size: 100,
                         },
                     ),
                 ),
             },
         ],
         return_type: Ok(
             Base(
                 Unit,
             ),
         ),
     }

note: 
   ┌─ guest_book.fe:15:9
   │
15 │         self.messages[ctx.msg_sender()] = book_msg
   │         ^^^^ GuestBook: Value

note: 
   ┌─ guest_book.fe:15:9
   │
15 │         self.messages[ctx.msg_sender()] = book_msg
   │         ^^^^^^^^^^^^^ ^^^ Context: Memory
   │         │              
   │         Map<address, String<100>>: Storage { nonce: Some(0) }

note: 
   ┌─ guest_book.fe:15:23
   │
15 │         self.messages[ctx.msg_sender()] = book_msg
   │                       ^^^^^^^^^^^^^^^^ address: Value

note: 
   ┌─ guest_book.fe:15:9
   │
15 │         self.messages[ctx.msg_sender()] = book_msg
   │         ^^^^^^^^^^^^^^^^^^^^^^^^^^^^^^^   ^^^^^^^^ String<100>: Memory
   │         │                                  
   │         String<100>: Storage { nonce: None }
   ·
18 │         emit Signed(ctx, book_msg)
   │                     ^^^  ^^^^^^^^ String<100>: Memory
   │                     │     
   │                     Context: Memory

note: 
   ┌─ guest_book.fe:18:9
   │
18 │         emit Signed(ctx, book_msg)
   │         ^^^^^^^^^^^^^^^^^^^^^^^^^^ attributes hash: 3840771212935086148
   │
   = Event {
         name: "Signed",
         fields: [
             EventField {
                 name: "book_msg",
                 typ: Ok(
                     String(
                         FeString {
                             max_size: 100,
                         },
                     ),
                 ),
                 is_indexed: false,
             },
         ],
     }

note: 
   ┌─ guest_book.fe:20:5
   │  
20 │ ╭     pub fn get_msg(self, addr: address) -> String<100>:
21 │ │         # Copying data from storage to memory
22 │ │         # has to be done explicitly via `to_mem()`
23 │ │         return self.messages[addr].to_mem()
   │ ╰───────────────────────────────────────────^ attributes hash: 3325224293767249368
   │  
   = FunctionSignature {
         self_decl: Some(
             Mutable,
         ),
         ctx_decl: None,
         params: [
             FunctionParam {
                 label: None,
                 name: "addr",
                 typ: Ok(
                     Base(
                         Address,
                     ),
                 ),
             },
         ],
         return_type: Ok(
             String(
                 FeString {
                     max_size: 100,
                 },
             ),
         ),
     }

note: 
   ┌─ guest_book.fe:23:16
   │
23 │         return self.messages[addr].to_mem()
   │                ^^^^ GuestBook: Value

note: 
   ┌─ guest_book.fe:23:16
   │
23 │         return self.messages[addr].to_mem()
   │                ^^^^^^^^^^^^^ ^^^^ address: Value
   │                │              
   │                Map<address, String<100>>: Storage { nonce: Some(0) }

note: 
   ┌─ guest_book.fe:23:16
   │
23 │         return self.messages[addr].to_mem()
   │                ^^^^^^^^^^^^^^^^^^^ String<100>: Storage { nonce: None }

note: 
   ┌─ guest_book.fe:23:16
   │
23 │         return self.messages[addr].to_mem()
   │                ^^^^^^^^^^^^^^^^^^^^^^^^^^^^ String<100>: Storage { nonce: None } => Memory


