---
source: crates/analyzer/tests/analysis.rs
expression: "build_snapshot(&db, module)"
---
note: 
  ┌─ tuple_destructuring.fe:2:5
  │  
2 │ ╭     pub fn bar() -> u256 {
3 │ │         let (x, y): (u256, bool) = (42, true)
4 │ │         return x
5 │ │     }
  │ ╰─────^ params: [] -> u256

note: 
  ┌─ tuple_destructuring.fe:3:14
  │
3 │         let (x, y): (u256, bool) = (42, true)
  │              ^  ^ bool
  │              │   
  │              u256

note: 
  ┌─ tuple_destructuring.fe:3:37
  │
3 │         let (x, y): (u256, bool) = (42, true)
  │                                     ^^  ^^^^ bool
  │                                     │    
  │                                     u256

note: 
  ┌─ tuple_destructuring.fe:3:36
  │
3 │         let (x, y): (u256, bool) = (42, true)
  │                                    ^^^^^^^^^^ (u256, bool)
4 │         return x
  │                ^ u256

note: 
   ┌─ tuple_destructuring.fe:7:5
   │  
 7 │ ╭     pub fn baz(n: u256, b: bool) -> u256 {
 8 │ │         let (x, y): (u256, bool) = make_tuple(n, b)
 9 │ │         return x
10 │ │     }
   │ ╰─────^ params: [{ label: None, name: n, typ: u256 }, { label: None, name: b, typ: bool }] -> u256

note: 
  ┌─ tuple_destructuring.fe:8:14
  │
8 │         let (x, y): (u256, bool) = make_tuple(n, b)
  │              ^  ^ bool
  │              │   
  │              u256

note: 
  ┌─ tuple_destructuring.fe:8:47
  │
8 │         let (x, y): (u256, bool) = make_tuple(n, b)
  │                                               ^  ^ bool
  │                                               │   
  │                                               u256

note: 
  ┌─ tuple_destructuring.fe:8:36
  │
8 │         let (x, y): (u256, bool) = make_tuple(n, b)
  │                                    ^^^^^^^^^^^^^^^^ (u256, bool)
9 │         return x
  │                ^ u256

note: 
   ┌─ tuple_destructuring.fe:12:5
   │  
12 │ ╭     fn make_tuple(n: u256, b: bool) -> (u256, bool) {
13 │ │         return (n, b)
14 │ │     }
   │ ╰─────^ params: [{ label: None, name: n, typ: u256 }, { label: None, name: b, typ: bool }] -> (u256, bool)

note: 
   ┌─ tuple_destructuring.fe:13:17
   │
13 │         return (n, b)
   │                 ^  ^ bool
   │                 │   
   │                 u256

note: 
   ┌─ tuple_destructuring.fe:13:16
   │
13 │         return (n, b)
   │                ^^^^^^ (u256, bool)


