---
source: crates/analyzer/tests/analysis.rs
expression: "build_snapshot(&db, module)"

---
note: 
  ┌─ return_identity_u8.fe:2:5
  │  
2 │ ╭     pub fn bar(x: u8) -> u8 {
3 │ │         return x
4 │ │     }
  │ ╰─────^ attributes hash: 3325622592314505201
  │  
  = FunctionSignature {
        self_decl: None,
        ctx_decl: None,
        params: [
            FunctionParam {
                is_mut: false,
                label: None,
                name: "x",
                typ: Ok(
                    Base(
                        Numeric(
                            U8,
                        ),
                    ),
                ),
            },
        ],
        return_type: Ok(
            Base(
                Numeric(
                    U8,
                ),
            ),
        ),
    }

note: 
  ┌─ return_identity_u8.fe:3:16
  │
3 │         return x
  │                ^ u8: Value


