---
source: crates/analyzer/tests/analysis.rs
expression: "build_snapshot(&db, module)"

---
note: 
  ┌─ data_copying_stress.fe:4:5
  │
4 │     my_string: String<42>
  │     ^^^^^^^^^^^^^^^^^^^^^ String<42>
5 │     my_other_string: String<42>
  │     ^^^^^^^^^^^^^^^^^^^^^^^^^^^ String<42>
6 │     my_u256: u256
  │     ^^^^^^^^^^^^^ u256
7 │     my_other_u256: u256
  │     ^^^^^^^^^^^^^^^^^^^ u256
8 │     my_nums: Array<u256, 5>
  │     ^^^^^^^^^^^^^^^^^^^^^^^ Array<u256, 5>
9 │     my_addrs: Array<address, 3>
  │     ^^^^^^^^^^^^^^^^^^^^^^^^^^^ Array<address, 3>

note: 
   ┌─ data_copying_stress.fe:12:9
   │
12 │         my_string: String<42>
   │         ^^^^^^^^^^^^^^^^^^^^^ String<42>
13 │         my_u256: u256
   │         ^^^^^^^^^^^^^ u256

note: 
   ┌─ data_copying_stress.fe:16:5
   │  
16 │ ╭     pub fn set_my_vals(self, my_string: String<42>, my_other_string: String<42>, my_u256: u256, my_other_u256: u256) {
17 │ │         self.my_string = my_string
18 │ │         self.my_other_string = my_other_string
19 │ │         self.my_u256 = my_u256
20 │ │         self.my_other_u256 = my_other_u256
21 │ │     }
   │ ╰─────^ self: Some(Mutable), params: [{ label: None, name: my_string, typ: String<42> }, { label: None, name: my_other_string, typ: String<42> }, { label: None, name: my_u256, typ: u256 }, { label: None, name: my_other_u256, typ: u256 }] -> ()

note: 
   ┌─ data_copying_stress.fe:17:9
   │
17 │         self.my_string = my_string
   │         ^^^^ Foo: Value

note: 
   ┌─ data_copying_stress.fe:17:9
   │
17 │         self.my_string = my_string
   │         ^^^^^^^^^^^^^^   ^^^^^^^^^ String<42>: Memory
   │         │                 
   │         String<42>: Storage { nonce: Some(0) }
18 │         self.my_other_string = my_other_string
   │         ^^^^ Foo: Value

note: 
   ┌─ data_copying_stress.fe:18:9
   │
18 │         self.my_other_string = my_other_string
   │         ^^^^^^^^^^^^^^^^^^^^   ^^^^^^^^^^^^^^^ String<42>: Memory
   │         │                       
   │         String<42>: Storage { nonce: Some(1) }
19 │         self.my_u256 = my_u256
   │         ^^^^ Foo: Value

note: 
   ┌─ data_copying_stress.fe:19:9
   │
19 │         self.my_u256 = my_u256
   │         ^^^^^^^^^^^^   ^^^^^^^ u256: Value
   │         │               
   │         u256: Storage { nonce: Some(2) }
20 │         self.my_other_u256 = my_other_u256
   │         ^^^^ Foo: Value

note: 
   ┌─ data_copying_stress.fe:20:9
   │
20 │         self.my_other_u256 = my_other_u256
   │         ^^^^^^^^^^^^^^^^^^   ^^^^^^^^^^^^^ u256: Value
   │         │                     
   │         u256: Storage { nonce: Some(3) }

note: 
   ┌─ data_copying_stress.fe:23:5
   │  
23 │ ╭     pub fn set_to_my_other_vals(self) {
24 │ │         self.my_string = self.my_other_string
25 │ │         self.my_u256 = self.my_other_u256
26 │ │     }
   │ ╰─────^ self: Some(Mutable), params: [] -> ()

note: 
   ┌─ data_copying_stress.fe:24:9
   │
24 │         self.my_string = self.my_other_string
   │         ^^^^ Foo: Value

note: 
   ┌─ data_copying_stress.fe:24:9
   │
24 │         self.my_string = self.my_other_string
   │         ^^^^^^^^^^^^^^   ^^^^ Foo: Value
   │         │                 
   │         String<42>: Storage { nonce: Some(0) }

note: 
   ┌─ data_copying_stress.fe:24:26
   │
24 │         self.my_string = self.my_other_string
   │                          ^^^^^^^^^^^^^^^^^^^^ String<42>: Storage { nonce: Some(1) }
25 │         self.my_u256 = self.my_other_u256
   │         ^^^^ Foo: Value

note: 
   ┌─ data_copying_stress.fe:25:9
   │
25 │         self.my_u256 = self.my_other_u256
   │         ^^^^^^^^^^^^   ^^^^ Foo: Value
   │         │               
   │         u256: Storage { nonce: Some(2) }

note: 
   ┌─ data_copying_stress.fe:25:24
   │
25 │         self.my_u256 = self.my_other_u256
   │                        ^^^^^^^^^^^^^^^^^^ u256: Storage { nonce: Some(3) }

note: 
   ┌─ data_copying_stress.fe:28:5
   │  
28 │ ╭     pub fn multiple_references_shared_memory(my_array: Array<u256, 10>) {
29 │ │         let my_2nd_array: Array<u256, 10> = my_array
30 │ │         let my_3rd_array: Array<u256, 10> = my_2nd_array
31 │ │         assert my_array[3] != 5
   · │
39 │ │         assert my_3rd_array[3] == 50
40 │ │     }
   │ ╰─────^ self: None, params: [{ label: None, name: my_array, typ: Array<u256, 10> }] -> ()

note: 
   ┌─ data_copying_stress.fe:29:13
   │
29 │         let my_2nd_array: Array<u256, 10> = my_array
   │             ^^^^^^^^^^^^ Array<u256, 10>
30 │         let my_3rd_array: Array<u256, 10> = my_2nd_array
   │             ^^^^^^^^^^^^ Array<u256, 10>

note: 
   ┌─ data_copying_stress.fe:29:45
   │
29 │         let my_2nd_array: Array<u256, 10> = my_array
   │                                             ^^^^^^^^ Array<u256, 10>: Memory
30 │         let my_3rd_array: Array<u256, 10> = my_2nd_array
   │                                             ^^^^^^^^^^^^ Array<u256, 10>: Memory
31 │         assert my_array[3] != 5
   │                ^^^^^^^^ ^ u256: Value
   │                │         
   │                Array<u256, 10>: Memory

note: 
   ┌─ data_copying_stress.fe:31:16
   │
31 │         assert my_array[3] != 5
   │                ^^^^^^^^^^^    ^ u256: Value
   │                │               
   │                u256: Memory => Value

note: 
   ┌─ data_copying_stress.fe:31:16
   │
31 │         assert my_array[3] != 5
   │                ^^^^^^^^^^^^^^^^ bool: Value
32 │         my_array[3] = 5
   │         ^^^^^^^^ ^ u256: Value
   │         │         
   │         Array<u256, 10>: Memory

note: 
   ┌─ data_copying_stress.fe:32:9
   │
32 │         my_array[3] = 5
   │         ^^^^^^^^^^^   ^ u256: Value
   │         │              
   │         u256: Memory
33 │         assert my_array[3] == 5
   │                ^^^^^^^^ ^ u256: Value
   │                │         
   │                Array<u256, 10>: Memory

note: 
   ┌─ data_copying_stress.fe:33:16
   │
33 │         assert my_array[3] == 5
   │                ^^^^^^^^^^^    ^ u256: Value
   │                │               
   │                u256: Memory => Value

note: 
   ┌─ data_copying_stress.fe:33:16
   │
33 │         assert my_array[3] == 5
   │                ^^^^^^^^^^^^^^^^ bool: Value
34 │         assert my_2nd_array[3] == 5
   │                ^^^^^^^^^^^^ ^ u256: Value
   │                │             
   │                Array<u256, 10>: Memory

note: 
   ┌─ data_copying_stress.fe:34:16
   │
34 │         assert my_2nd_array[3] == 5
   │                ^^^^^^^^^^^^^^^    ^ u256: Value
   │                │                   
   │                u256: Memory => Value

note: 
   ┌─ data_copying_stress.fe:34:16
   │
34 │         assert my_2nd_array[3] == 5
   │                ^^^^^^^^^^^^^^^^^^^^ bool: Value
35 │         assert my_3rd_array[3] == 5
   │                ^^^^^^^^^^^^ ^ u256: Value
   │                │             
   │                Array<u256, 10>: Memory

note: 
   ┌─ data_copying_stress.fe:35:16
   │
35 │         assert my_3rd_array[3] == 5
   │                ^^^^^^^^^^^^^^^    ^ u256: Value
   │                │                   
   │                u256: Memory => Value

note: 
   ┌─ data_copying_stress.fe:35:16
   │
35 │         assert my_3rd_array[3] == 5
   │                ^^^^^^^^^^^^^^^^^^^^ bool: Value
36 │         my_3rd_array[3] = 50
   │         ^^^^^^^^^^^^ ^ u256: Value
   │         │             
   │         Array<u256, 10>: Memory

note: 
   ┌─ data_copying_stress.fe:36:9
   │
36 │         my_3rd_array[3] = 50
   │         ^^^^^^^^^^^^^^^   ^^ u256: Value
   │         │                  
   │         u256: Memory
37 │         assert my_array[3] == 50
   │                ^^^^^^^^ ^ u256: Value
   │                │         
   │                Array<u256, 10>: Memory

note: 
   ┌─ data_copying_stress.fe:37:16
   │
37 │         assert my_array[3] == 50
   │                ^^^^^^^^^^^    ^^ u256: Value
   │                │               
   │                u256: Memory => Value

note: 
   ┌─ data_copying_stress.fe:37:16
   │
37 │         assert my_array[3] == 50
   │                ^^^^^^^^^^^^^^^^^ bool: Value
38 │         assert my_2nd_array[3] == 50
   │                ^^^^^^^^^^^^ ^ u256: Value
   │                │             
   │                Array<u256, 10>: Memory

note: 
   ┌─ data_copying_stress.fe:38:16
   │
38 │         assert my_2nd_array[3] == 50
   │                ^^^^^^^^^^^^^^^    ^^ u256: Value
   │                │                   
   │                u256: Memory => Value

note: 
   ┌─ data_copying_stress.fe:38:16
   │
38 │         assert my_2nd_array[3] == 50
   │                ^^^^^^^^^^^^^^^^^^^^^ bool: Value
39 │         assert my_3rd_array[3] == 50
   │                ^^^^^^^^^^^^ ^ u256: Value
   │                │             
   │                Array<u256, 10>: Memory

note: 
   ┌─ data_copying_stress.fe:39:16
   │
39 │         assert my_3rd_array[3] == 50
   │                ^^^^^^^^^^^^^^^    ^^ u256: Value
   │                │                   
   │                u256: Memory => Value

note: 
   ┌─ data_copying_stress.fe:39:16
   │
39 │         assert my_3rd_array[3] == 50
   │                ^^^^^^^^^^^^^^^^^^^^^ bool: Value

note: 
   ┌─ data_copying_stress.fe:42:5
   │  
42 │ ╭     pub fn mutate_and_return(my_array: Array<u256, 10>) -> Array<u256, 10> {
43 │ │         my_array[3] = 5
44 │ │         return my_array
45 │ │     }
   │ ╰─────^ self: None, params: [{ label: None, name: my_array, typ: Array<u256, 10> }] -> Array<u256, 10>

note: 
   ┌─ data_copying_stress.fe:43:9
   │
43 │         my_array[3] = 5
   │         ^^^^^^^^ ^ u256: Value
   │         │         
   │         Array<u256, 10>: Memory

note: 
   ┌─ data_copying_stress.fe:43:9
   │
43 │         my_array[3] = 5
   │         ^^^^^^^^^^^   ^ u256: Value
   │         │              
   │         u256: Memory
44 │         return my_array
   │                ^^^^^^^^ Array<u256, 10>: Memory

note: 
   ┌─ data_copying_stress.fe:47:5
   │  
47 │ ╭     pub fn clone_and_return(my_array: Array<u256, 10>) -> Array<u256, 10> {
48 │ │         return my_array.clone()
49 │ │     }
   │ ╰─────^ self: None, params: [{ label: None, name: my_array, typ: Array<u256, 10> }] -> Array<u256, 10>

note: 
   ┌─ data_copying_stress.fe:48:16
   │
48 │         return my_array.clone()
   │                ^^^^^^^^ Array<u256, 10>: Memory

note: 
   ┌─ data_copying_stress.fe:48:16
   │
48 │         return my_array.clone()
   │                ^^^^^^^^^^^^^^^^ Array<u256, 10>: Memory => Memory

note: 
   ┌─ data_copying_stress.fe:51:5
   │  
51 │ ╭     pub fn clone_mutate_and_return(my_array: Array<u256, 10>) -> Array<u256, 10> {
52 │ │         my_array.clone()[3] = 5
53 │ │         return my_array
54 │ │     }
   │ ╰─────^ self: None, params: [{ label: None, name: my_array, typ: Array<u256, 10> }] -> Array<u256, 10>

note: 
   ┌─ data_copying_stress.fe:52:9
   │
52 │         my_array.clone()[3] = 5
   │         ^^^^^^^^ Array<u256, 10>: Memory

note: 
   ┌─ data_copying_stress.fe:52:9
   │
52 │         my_array.clone()[3] = 5
   │         ^^^^^^^^^^^^^^^^ ^ u256: Value
   │         │                 
   │         Array<u256, 10>: Memory => Memory

note: 
   ┌─ data_copying_stress.fe:52:9
   │
52 │         my_array.clone()[3] = 5
   │         ^^^^^^^^^^^^^^^^^^^   ^ u256: Value
   │         │                      
   │         u256: Memory
53 │         return my_array
   │                ^^^^^^^^ Array<u256, 10>: Memory

note: 
   ┌─ data_copying_stress.fe:56:5
   │  
56 │ ╭     pub fn assign_my_nums_and_return(self) -> Array<u256, 5> {
57 │ │         let my_nums_mem: Array<u256, 5> = [0; 5]
58 │ │         self.my_nums[0] = 42
59 │ │         self.my_nums[1] = 26
   · │
64 │ │         return my_nums_mem
65 │ │     }
   │ ╰─────^ self: Some(Mutable), params: [] -> Array<u256, 5>

note: 
   ┌─ data_copying_stress.fe:57:13
   │
57 │         let my_nums_mem: Array<u256, 5> = [0; 5]
   │             ^^^^^^^^^^^ Array<u256, 5>

note: 
   ┌─ data_copying_stress.fe:57:44
   │
57 │         let my_nums_mem: Array<u256, 5> = [0; 5]
   │                                            ^  ^ u256: Value
   │                                            │   
   │                                            u256: Value

note: 
   ┌─ data_copying_stress.fe:57:43
   │
57 │         let my_nums_mem: Array<u256, 5> = [0; 5]
   │                                           ^^^^^^ Array<u256, 5>: Memory
58 │         self.my_nums[0] = 42
   │         ^^^^ Foo: Value

note: 
   ┌─ data_copying_stress.fe:58:9
   │
58 │         self.my_nums[0] = 42
   │         ^^^^^^^^^^^^ ^ u256: Value
   │         │             
   │         Array<u256, 5>: Storage { nonce: Some(4) }

note: 
   ┌─ data_copying_stress.fe:58:9
   │
58 │         self.my_nums[0] = 42
   │         ^^^^^^^^^^^^^^^   ^^ u256: Value
   │         │                  
   │         u256: Storage { nonce: None }
59 │         self.my_nums[1] = 26
   │         ^^^^ Foo: Value

note: 
   ┌─ data_copying_stress.fe:59:9
   │
59 │         self.my_nums[1] = 26
   │         ^^^^^^^^^^^^ ^ u256: Value
   │         │             
   │         Array<u256, 5>: Storage { nonce: Some(4) }

note: 
   ┌─ data_copying_stress.fe:59:9
   │
59 │         self.my_nums[1] = 26
   │         ^^^^^^^^^^^^^^^   ^^ u256: Value
   │         │                  
   │         u256: Storage { nonce: None }
60 │         self.my_nums[2] = 0
   │         ^^^^ Foo: Value

note: 
   ┌─ data_copying_stress.fe:60:9
   │
60 │         self.my_nums[2] = 0
   │         ^^^^^^^^^^^^ ^ u256: Value
   │         │             
   │         Array<u256, 5>: Storage { nonce: Some(4) }

note: 
   ┌─ data_copying_stress.fe:60:9
   │
60 │         self.my_nums[2] = 0
   │         ^^^^^^^^^^^^^^^   ^ u256: Value
   │         │                  
   │         u256: Storage { nonce: None }
61 │         self.my_nums[3] = 1
   │         ^^^^ Foo: Value

note: 
   ┌─ data_copying_stress.fe:61:9
   │
61 │         self.my_nums[3] = 1
   │         ^^^^^^^^^^^^ ^ u256: Value
   │         │             
   │         Array<u256, 5>: Storage { nonce: Some(4) }

note: 
   ┌─ data_copying_stress.fe:61:9
   │
61 │         self.my_nums[3] = 1
   │         ^^^^^^^^^^^^^^^   ^ u256: Value
   │         │                  
   │         u256: Storage { nonce: None }
62 │         self.my_nums[4] = 255
   │         ^^^^ Foo: Value

note: 
   ┌─ data_copying_stress.fe:62:9
   │
62 │         self.my_nums[4] = 255
   │         ^^^^^^^^^^^^ ^ u256: Value
   │         │             
   │         Array<u256, 5>: Storage { nonce: Some(4) }

note: 
   ┌─ data_copying_stress.fe:62:9
   │
62 │         self.my_nums[4] = 255
   │         ^^^^^^^^^^^^^^^   ^^^ u256: Value
   │         │                  
   │         u256: Storage { nonce: None }
63 │         my_nums_mem = self.my_nums.to_mem()
   │         ^^^^^^^^^^^   ^^^^ Foo: Value
   │         │              
   │         Array<u256, 5>: Memory

note: 
   ┌─ data_copying_stress.fe:63:23
   │
63 │         my_nums_mem = self.my_nums.to_mem()
   │                       ^^^^^^^^^^^^ Array<u256, 5>: Storage { nonce: Some(4) }

note: 
   ┌─ data_copying_stress.fe:63:23
   │
63 │         my_nums_mem = self.my_nums.to_mem()
   │                       ^^^^^^^^^^^^^^^^^^^^^ Array<u256, 5>: Storage { nonce: Some(4) } => Memory
64 │         return my_nums_mem
   │                ^^^^^^^^^^^ Array<u256, 5>: Memory

note: 
   ┌─ data_copying_stress.fe:67:5
   │  
67 │ ╭     pub fn emit_my_event(self, ctx: Context) {
68 │ │         emit_my_event_internal(ctx, self.my_string.to_mem(), self.my_u256)
69 │ │     }
   │ ╰─────^ self: Some(Mutable), params: [{ label: None, name: ctx, typ: Context }] -> ()

note: 
   ┌─ data_copying_stress.fe:68:32
   │
68 │         emit_my_event_internal(ctx, self.my_string.to_mem(), self.my_u256)
   │                                ^^^  ^^^^ Foo: Value
   │                                │     
   │                                Context: Memory

note: 
   ┌─ data_copying_stress.fe:68:37
   │
68 │         emit_my_event_internal(ctx, self.my_string.to_mem(), self.my_u256)
   │                                     ^^^^^^^^^^^^^^ String<42>: Storage { nonce: Some(0) }

note: 
   ┌─ data_copying_stress.fe:68:37
   │
68 │         emit_my_event_internal(ctx, self.my_string.to_mem(), self.my_u256)
   │                                     ^^^^^^^^^^^^^^^^^^^^^^^  ^^^^ Foo: Value
   │                                     │                         
   │                                     String<42>: Storage { nonce: Some(0) } => Memory

note: 
   ┌─ data_copying_stress.fe:68:62
   │
68 │         emit_my_event_internal(ctx, self.my_string.to_mem(), self.my_u256)
   │                                                              ^^^^^^^^^^^^ u256: Storage { nonce: Some(2) } => Value

note: 
   ┌─ data_copying_stress.fe:68:9
   │
68 │         emit_my_event_internal(ctx, self.my_string.to_mem(), self.my_u256)
   │         ^^^^^^^^^^^^^^^^^^^^^^^^^^^^^^^^^^^^^^^^^^^^^^^^^^^^^^^^^^^^^^^^^^ (): Value

note: 
   ┌─ data_copying_stress.fe:71:5
   │  
71 │ ╭     fn emit_my_event_internal(ctx: Context, _ my_string: String<42>, _ my_u256: u256) {
72 │ │         emit MyEvent(ctx, my_string, my_u256)
73 │ │     }
   │ ╰─────^ self: None, params: [{ label: None, name: ctx, typ: Context }, { label: Some("_"), name: my_string, typ: String<42> }, { label: Some("_"), name: my_u256, typ: u256 }] -> ()

note: 
   ┌─ data_copying_stress.fe:72:22
   │
72 │         emit MyEvent(ctx, my_string, my_u256)
   │                      ^^^  ^^^^^^^^^  ^^^^^^^ u256: Value
   │                      │    │           
   │                      │    String<42>: Memory
   │                      Context: Memory

note: 
   ┌─ data_copying_stress.fe:75:5
   │  
75 │ ╭     pub fn set_my_addrs(self, my_addrs: Array<address, 3>) {
76 │ │         self.my_addrs = my_addrs
77 │ │     }
   │ ╰─────^ self: Some(Mutable), params: [{ label: None, name: my_addrs, typ: Array<address, 3> }] -> ()

note: 
   ┌─ data_copying_stress.fe:76:9
   │
76 │         self.my_addrs = my_addrs
   │         ^^^^ Foo: Value

note: 
   ┌─ data_copying_stress.fe:76:9
   │
76 │         self.my_addrs = my_addrs
   │         ^^^^^^^^^^^^^   ^^^^^^^^ Array<address, 3>: Memory
   │         │                
   │         Array<address, 3>: Storage { nonce: Some(5) }

note: 
   ┌─ data_copying_stress.fe:79:5
   │  
79 │ ╭     pub fn get_my_second_addr(self) -> address {
80 │ │         return self.my_addrs[1]
81 │ │     }
   │ ╰─────^ self: Some(Mutable), params: [] -> address

note: 
   ┌─ data_copying_stress.fe:80:16
   │
80 │         return self.my_addrs[1]
   │                ^^^^ Foo: Value

note: 
   ┌─ data_copying_stress.fe:80:16
   │
80 │         return self.my_addrs[1]
   │                ^^^^^^^^^^^^^ ^ u256: Value
   │                │              
   │                Array<address, 3>: Storage { nonce: Some(5) }

note: 
   ┌─ data_copying_stress.fe:80:16
   │
80 │         return self.my_addrs[1]
   │                ^^^^^^^^^^^^^^^^ address: Storage { nonce: None } => Value


