---
source: crates/analyzer/tests/errors.rs
expression: "error_string(&path, test_files::fixture(path))"
---
error: `pure` must be called without `self`
  ┌─ compile_errors/call_to_pure_fn_on_self.fe:5:14
  │
5 │         self.pure()
  │              ^^^^ function does not take self
  │
  = Suggestion: try `Foo::pure(...)` instead of `self.pure(...)`


