---
source: crates/analyzer/tests/errors.rs
expression: "error_string(\"[snippet]\", &src)"
---
error: literal out of range for `u256`
  ┌─ [snippet]:3:8
  │
3 │   u256(-1)
  │        ^^ does not fit into type `u256`

error: Can not apply unary operator
  ┌─ [snippet]:3:8
  │
3 │   u256(-1)
  │        ^^ Expected unsigned type `u256`. Unary operator `-` can not be used here.


