---
source: crates/tests-legacy/src/features.rs
expression: "format!(\"{}\", harness.gas_reporter)"
---
assert_min_max([]) used 34 gas
get_u8_min([]) used 143 gas
get_u8_const_min([]) used 165 gas
get_u8_max([]) used 672 gas
get_u8_const_max([]) used 694 gas
get_i8_min([]) used 411 gas
get_i8_const_min([]) used 433 gas
get_i8_max([]) used 936 gas
get_i8_const_max([]) used 958 gas
get_u16_min([]) used 187 gas
get_u16_const_min([]) used 209 gas
get_u16_max([]) used 716 gas
get_u16_const_max([]) used 738 gas
get_i16_min([]) used 455 gas
get_i16_const_min([]) used 477 gas
get_i16_max([]) used 980 gas
get_i16_const_max([]) used 1002 gas
get_u32_min([]) used 231 gas
get_u32_const_min([]) used 253 gas
get_u32_max([]) used 760 gas
get_u32_const_max([]) used 782 gas
get_i32_min([]) used 499 gas
get_i32_const_min([]) used 521 gas
get_i32_max([]) used 1024 gas
get_i32_const_max([]) used 1046 gas
get_u64_min([]) used 275 gas
get_u64_const_min([]) used 297 gas
get_u64_max([]) used 816 gas
get_u64_const_max([]) used 838 gas
get_i64_min([]) used 555 gas
get_i64_const_min([]) used 577 gas
get_i64_max([]) used 1080 gas
get_i64_const_max([]) used 1102 gas
get_u128_min([]) used 319 gas
get_u128_const_min([]) used 341 gas
get_u128_max([]) used 860 gas
get_u128_const_max([]) used 882 gas
get_i128_min([]) used 599 gas
get_i128_const_min([]) used 621 gas
get_i128_max([]) used 1124 gas
get_i128_const_max([]) used 1146 gas
get_u256_min([]) used 363 gas
get_u256_const_min([]) used 385 gas
get_u256_max([]) used 894 gas
get_u256_const_max([]) used 916 gas
get_i256_min([]) used 634 gas
get_i256_const_min([]) used 656 gas
get_i256_max([]) used 1168 gas
get_i256_const_max([]) used 1187 gas

