---
source: crates/tests-legacy/src/features.rs
expression: "format!(\"{}\", harness.gas_reporter)"
---
simple_match([Uint(1), Uint(2)]) used 570 gas
nested_match([Uint(1), Uint(2)]) used 1496 gas
nested_match2([]) used 1882 gas
tuple_match([]) used 1762 gas
boolean_literal_match([Bool(true), Bool(true)]) used 582 gas
boolean_literal_match([Bool(true), Bool(false)]) used 608 gas
boolean_literal_match([Bool(false), Bool(true)]) used 597 gas
boolean_literal_match([Bool(false), Bool(false)]) used 592 gas
wild_card([]) used 1124 gas
match_in_if([]) used 635 gas
match_in_loop([]) used 1549 gas
match_in_loop_simple([]) used 789 gas
rest_pattern_head([Uint(1), Uint(2)]) used 2780 gas
rest_pattern_tail([Uint(1), Uint(2)]) used 2793 gas
rest_pattern_middle([Uint(1), Uint(2)]) used 3249 gas
simple_struct([Int(1), Int(2), Bool(true)]) used 1039 gas
simple_struct([Int(1), Int(2), Bool(false)]) used 1053 gas
nested_struct([]) used 1892 gas
enum_storage([Uint(1), Uint(2), Bool(true)]) used 90843 gas

