---
source: crates/parser2/tests/error_recovery.rs
expression: node
input_file: crates/parser2/test_files/error_recovery/items/const_.fe
---
Root@0..44
  ItemList@0..44
    Item@0..14
      Const@0..12
        ConstKw@0..5 "const"
        WhiteSpace@5..6 " "
        Ident@6..7 "X"
        WhiteSpace@7..8 " "
        Error@8..8
        PathType@8..8
          Path@8..8
            PathSegment@8..8
              Error@8..8
        Eq@8..9 "="
        WhiteSpace@9..10 " "
        LitExpr@10..12
          Lit@10..12
            Int@10..12 "10"
      Newline@12..14 "\n\n"
    Item@14..29
      Const@14..27
        ConstKw@14..19 "const"
        WhiteSpace@19..20 " "
        Ident@20..21 "X"
        Colon@21..22 ":"
        WhiteSpace@22..23 " "
        PathType@23..26
          Path@23..26
            PathSegment@23..26
              Ident@23..26 "i32"
        WhiteSpace@26..27 " "
        Error@27..27
        Error@27..27
      Newline@27..29 "\n\n"
    Item@29..44
      Const@29..44
        ConstKw@29..34 "const"
        WhiteSpace@34..35 " "
        Ident@35..36 "X"
        Colon@36..37 ":"
        WhiteSpace@37..38 " "
        PathType@38..40
          Path@38..40
            PathSegment@38..40
              Error@38..40
                RBracket@38..39 "]"
                InvalidToken@39..40 "@"
        WhiteSpace@40..41 " "
        Eq@41..42 "="
        WhiteSpace@42..43 " "
        LitExpr@43..44
          Lit@43..44
            Int@43..44 "1"

