---
source: crates/parser2/tests/error_recovery.rs
expression: node
input_file: crates/parser2/test_files/error_recovery/items/use_.fe
---
Root@0..63
  ItemList@0..63
    Use@0..18
      UseKw@0..3 "use"
      WhiteSpace@3..4 " "
      UseTree@4..18
        UsePath@4..18
          UsePathSegment@4..7
            Ident@4..7 "foo"
          Colon2@7..9 "::"
          UsePathSegment@9..12
            Ident@9..12 "bar"
          Colon2@12..14 "::"
          UsePathSegment@14..15
            Star@14..15 "*"
          Error@15..15
          Colon2@15..17 "::"
          UsePathSegment@17..18
            Ident@17..18 "A"
    Newline@18..19 "\n"
    Use@19..42
      UseKw@19..22 "use"
      WhiteSpace@22..23 " "
      UseTree@23..42
        UsePath@23..34
          UsePathSegment@23..26
            Ident@23..26 "foo"
          Colon2@26..28 "::"
          UsePathSegment@28..31
            Ident@28..31 "bar"
          Colon2@31..33 "::"
          UsePathSegment@33..34
            Star@33..34 "*"
        Colon2@34..36 "::"
        Error@36..42
          LBrace@36..37 "{"
          Ident@37..38 "A"
          Comma@38..39 ","
          WhiteSpace@39..40 " "
          Ident@40..41 "B"
          RBrace@41..42 "}"
    Newline@42..43 "\n"
    Use@43..63
      UseKw@43..46 "use"
      WhiteSpace@46..47 " "
      UseTree@47..63
        UsePath@47..58
          UsePathSegment@47..50
            Ident@47..50 "foo"
          Colon2@50..52 "::"
          UsePathSegment@52..55
            Ident@52..55 "bar"
          Colon2@55..57 "::"
          UsePathSegment@57..58
            Star@57..58 "*"
        WhiteSpace@58..59 " "
        Error@59..63
          AsKw@59..61 "as"
          WhiteSpace@61..62 " "
          Ident@62..63 "B"

