---
source: crates/parser/tests/cases/parse_ast.rs
assertion_line: 219
expression: "ast_string(stringify!(empty_struct_def), try_parse_module, \"struct S {}\")"
---
Node(
  kind: Module(
    body: [
      Struct(Node(
        kind: Struct(
          name: Node(
            kind: "S",
            span: Span(
              start: 7,
              end: 8,
            ),
          ),
          fields: [],
          functions: [],
          pub_qual: None,
          generic_params: Node(
            kind: [],
            span: Span(
              start: 7,
              end: 8,
            ),
          ),
        ),
        span: Span(
          start: 0,
          end: 11,
        ),
      )),
    ],
  ),
  span: Span(
    start: 0,
    end: 11,
  ),
)
