---
source: crates/parser/tests/cases/errors.rs
expression: "err_string(stringify!(contract_pub_event), module::parse_module,\n           \"contract C {\\n pub event E{\\n  x: u8 \\n}}\")"

---
error: `pub` qualifier can't be used with contract-level event definitions
  ┌─ contract_pub_event:2:2
  │
2 │  pub event E{
  │  ^^^


