---
source: crates/parser/tests/cases/parse_ast.rs
expression: "ast_string(stringify!(module_level_events), try_parse_module,\n    r#\"\nevent Transfer {\n    idx sender: address\n    idx receiver: address\n    value: u256\n}\ncontract Foo {\n    fn transfer(ctx: Context, to: address, value: u256) {\n        emit Transfer(ctx, sender: msg.sender, receiver: to, value)\n    }\n}\n\"#)"

---
Node(
  kind: Module(
    body: [
      Event(Node(
        kind: Event(
          name: Node(
            kind: "Transfer",
            span: Span(
              start: 7,
              end: 15,
            ),
          ),
          fields: [
            Node(
              kind: EventField(
                is_idx: true,
                name: Node(
                  kind: "sender",
                  span: Span(
                    start: 26,
                    end: 32,
                  ),
                ),
                typ: Node(
                  kind: Base(
                    base: "address",
                  ),
                  span: Span(
                    start: 34,
                    end: 41,
                  ),
                ),
              ),
              span: Span(
                start: 22,
                end: 41,
              ),
            ),
            Node(
              kind: EventField(
                is_idx: true,
                name: Node(
                  kind: "receiver",
                  span: Span(
                    start: 50,
                    end: 58,
                  ),
                ),
                typ: Node(
                  kind: Base(
                    base: "address",
                  ),
                  span: Span(
                    start: 60,
                    end: 67,
                  ),
                ),
              ),
              span: Span(
                start: 46,
                end: 67,
              ),
            ),
            Node(
              kind: EventField(
                is_idx: false,
                name: Node(
                  kind: "value",
                  span: Span(
                    start: 72,
                    end: 77,
                  ),
                ),
                typ: Node(
                  kind: Base(
                    base: "u256",
                  ),
                  span: Span(
                    start: 79,
                    end: 83,
                  ),
                ),
              ),
              span: Span(
                start: 72,
                end: 83,
              ),
            ),
          ],
          pub_qual: None,
        ),
        span: Span(
          start: 1,
          end: 85,
        ),
      )),
      Contract(Node(
        kind: Contract(
          name: Node(
            kind: "Foo",
            span: Span(
              start: 95,
              end: 98,
            ),
          ),
          fields: [],
          body: [
            Function(Node(
              kind: Function(
                sig: Node(
                  kind: FunctionSignature(
                    pub_: None,
                    unsafe_: None,
                    name: Node(
                      kind: "transfer",
                      span: Span(
                        start: 108,
                        end: 116,
                      ),
                    ),
                    generic_params: Node(
                      kind: [],
                      span: Span(
                        start: 108,
                        end: 116,
                      ),
                    ),
                    args: [
                      Node(
                        kind: Regular(RegularFunctionArg(
                          label: None,
                          name: Node(
                            kind: "ctx",
                            span: Span(
                              start: 117,
                              end: 120,
                            ),
                          ),
                          typ: Node(
                            kind: Base(
                              base: "Context",
                            ),
                            span: Span(
                              start: 122,
                              end: 129,
                            ),
                          ),
                        )),
                        span: Span(
                          start: 117,
                          end: 129,
                        ),
                      ),
                      Node(
                        kind: Regular(RegularFunctionArg(
                          label: None,
                          name: Node(
                            kind: "to",
                            span: Span(
                              start: 131,
                              end: 133,
                            ),
                          ),
                          typ: Node(
                            kind: Base(
                              base: "address",
                            ),
                            span: Span(
                              start: 135,
                              end: 142,
                            ),
                          ),
                        )),
                        span: Span(
                          start: 131,
                          end: 142,
                        ),
                      ),
                      Node(
                        kind: Regular(RegularFunctionArg(
                          label: None,
                          name: Node(
                            kind: "value",
                            span: Span(
                              start: 144,
                              end: 149,
                            ),
                          ),
                          typ: Node(
                            kind: Base(
                              base: "u256",
                            ),
                            span: Span(
                              start: 151,
                              end: 155,
                            ),
                          ),
                        )),
                        span: Span(
                          start: 144,
                          end: 155,
                        ),
                      ),
                    ],
                    return_type: None,
                  ),
                  span: Span(
                    start: 105,
                    end: 156,
                  ),
                ),
                body: [
                  Node(
                    kind: Emit(
                      name: Node(
                        kind: "Transfer",
                        span: Span(
                          start: 172,
                          end: 180,
                        ),
                      ),
                      args: Node(
                        kind: [
                          Node(
                            kind: CallArg(
                              label: None,
                              value: Node(
                                kind: Name("ctx"),
                                span: Span(
                                  start: 181,
                                  end: 184,
                                ),
                              ),
                            ),
                            span: Span(
                              start: 181,
                              end: 184,
                            ),
                          ),
                          Node(
                            kind: CallArg(
                              label: Some(Node(
                                kind: "sender",
                                span: Span(
                                  start: 186,
                                  end: 192,
                                ),
                              )),
                              value: Node(
                                kind: Attribute(
                                  value: Node(
                                    kind: Name("msg"),
                                    span: Span(
                                      start: 194,
                                      end: 197,
                                    ),
                                  ),
                                  attr: Node(
                                    kind: "sender",
                                    span: Span(
                                      start: 198,
                                      end: 204,
                                    ),
                                  ),
                                ),
                                span: Span(
                                  start: 194,
                                  end: 204,
                                ),
                              ),
                            ),
                            span: Span(
                              start: 186,
                              end: 204,
                            ),
                          ),
                          Node(
                            kind: CallArg(
                              label: Some(Node(
                                kind: "receiver",
                                span: Span(
                                  start: 206,
                                  end: 214,
                                ),
                              )),
                              value: Node(
                                kind: Name("to"),
                                span: Span(
                                  start: 216,
                                  end: 218,
                                ),
                              ),
                            ),
                            span: Span(
                              start: 206,
                              end: 218,
                            ),
                          ),
                          Node(
                            kind: CallArg(
                              label: None,
                              value: Node(
                                kind: Name("value"),
                                span: Span(
                                  start: 220,
                                  end: 225,
                                ),
                              ),
                            ),
                            span: Span(
                              start: 220,
                              end: 225,
                            ),
                          ),
                        ],
                        span: Span(
                          start: 180,
                          end: 226,
                        ),
                      ),
                    ),
                    span: Span(
                      start: 167,
                      end: 226,
                    ),
                  ),
                ],
              ),
              span: Span(
                start: 105,
                end: 232,
              ),
            )),
          ],
          pub_qual: None,
        ),
        span: Span(
          start: 86,
          end: 234,
        ),
      )),
    ],
  ),
  span: Span(
    start: 0,
    end: 234,
  ),
)
