---
source: crates/parser/tests/cases/errors.rs
expression: "err_string(stringify!(self_use1), module::parse_module, \"use self as bar\")"

---
error: failed to parse `use` statement
  ┌─ self_use1:1:5
  │
1 │ use self as bar
  │     ^^^^ expected a name, found keyword `self`
  │
  = Note: `use` paths must start with a name
  = Example: `use foo::bar`


