---
source: crates/parser/tests/cases/parse_ast.rs
expression: "ast_string(stringify!(stmt_for), functions::parse_stmt, \"for a in b[0] {}\")"

---
Node(
  kind: For(
    target: Node(
      kind: "a",
      span: Span(
        start: 4,
        end: 5,
      ),
    ),
    iter: Node(
      kind: Subscript(
        value: Node(
          kind: Name("b"),
          span: Span(
            start: 9,
            end: 10,
          ),
        ),
        index: Node(
          kind: Num("0"),
          span: Span(
            start: 11,
            end: 12,
          ),
        ),
      ),
      span: Span(
        start: 9,
        end: 13,
      ),
    ),
    body: [],
  ),
  span: Span(
    start: 0,
    end: 16,
  ),
)
