---
source: crates/parser/tests/cases/parse_ast.rs
expression: "ast_string(stringify!(guest_book), try_parse_module,\n    r#\"\ntype BookMsg = Array<bytes, 100>\n\nstruct Signed {\n    #indexed\n    book_msg: BookMsg\n}\n\ncontract GuestBook {\n    pub guest_book: Map<address, BookMsg>\n\n    pub fn sign(self, book_msg: BookMsg) {\n        self.guest_book[msg.sender] = book_msg\n\n        ctx.emit(Signed(book_msg: book_msg))\n    }\n    pub fn get_msg(self, addr: address) -> BookMsg {\n        return self.guest_book[addr]\n    }\n}\"#)"

---
Node(
  kind: Module(
    body: [
      TypeAlias(Node(
        kind: TypeAlias(
          name: Node(
            kind: "BookMsg",
            span: Span(
              start: 6,
              end: 13,
            ),
          ),
          typ: Node(
            kind: Generic(
              base: Node(
                kind: "Array",
                span: Span(
                  start: 16,
                  end: 21,
                ),
              ),
              args: Node(
                kind: [
                  TypeDesc(Node(
                    kind: Base(
                      base: "bytes",
                    ),
                    span: Span(
                      start: 22,
                      end: 27,
                    ),
                  )),
                  Int(Node(
                    kind: 100,
                    span: Span(
                      start: 29,
                      end: 32,
                    ),
                  )),
                ],
                span: Span(
                  start: 21,
                  end: 33,
                ),
              ),
            ),
            span: Span(
              start: 16,
              end: 33,
            ),
          ),
          pub_qual: None,
        ),
        span: Span(
          start: 1,
          end: 33,
        ),
      )),
      Struct(Node(
        kind: Struct(
          name: Node(
            kind: "Signed",
            span: Span(
              start: 42,
              end: 48,
            ),
          ),
          fields: [
            Node(
              kind: Field(
                is_pub: false,
                is_const: false,
                attributes: [
                  Node(
                    kind: "indexed",
                    span: Span(
                      start: 55,
                      end: 63,
                    ),
                  ),
                ],
                name: Node(
                  kind: "book_msg",
                  span: Span(
                    start: 68,
                    end: 76,
                  ),
                ),
                typ: Node(
                  kind: Base(
                    base: "BookMsg",
                  ),
                  span: Span(
                    start: 78,
                    end: 85,
                  ),
                ),
                value: None,
              ),
              span: Span(
                start: 68,
                end: 85,
              ),
            ),
          ],
          functions: [],
          pub_qual: None,
        ),
        span: Span(
          start: 35,
          end: 87,
        ),
      )),
      Contract(Node(
        kind: Contract(
          name: Node(
            kind: "GuestBook",
            span: Span(
              start: 98,
              end: 107,
            ),
          ),
          fields: [
            Node(
              kind: Field(
                is_pub: true,
                is_const: false,
                attributes: [],
                name: Node(
                  kind: "guest_book",
                  span: Span(
                    start: 118,
                    end: 128,
                  ),
                ),
                typ: Node(
                  kind: Generic(
                    base: Node(
                      kind: "Map",
                      span: Span(
                        start: 130,
                        end: 133,
                      ),
                    ),
                    args: Node(
                      kind: [
                        TypeDesc(Node(
                          kind: Base(
                            base: "address",
                          ),
                          span: Span(
                            start: 134,
                            end: 141,
                          ),
                        )),
                        TypeDesc(Node(
                          kind: Base(
                            base: "BookMsg",
                          ),
                          span: Span(
                            start: 143,
                            end: 150,
                          ),
                        )),
                      ],
                      span: Span(
                        start: 133,
                        end: 151,
                      ),
                    ),
                  ),
                  span: Span(
                    start: 130,
                    end: 151,
                  ),
                ),
                value: None,
              ),
              span: Span(
                start: 114,
                end: 151,
              ),
            ),
          ],
          body: [
            Function(Node(
              kind: Function(
                sig: Node(
                  kind: FunctionSignature(
                    pub_: Some(Span(
                      start: 157,
                      end: 160,
                    )),
                    unsafe_: None,
                    name: Node(
                      kind: "sign",
                      span: Span(
                        start: 164,
                        end: 168,
                      ),
                    ),
                    generic_params: Node(
                      kind: [],
                      span: Span(
                        start: 164,
                        end: 168,
                      ),
                    ),
                    args: [
                      Node(
                        kind: Self_(
                          mut_: None,
                        ),
                        span: Span(
                          start: 169,
                          end: 173,
                        ),
                      ),
                      Node(
                        kind: Regular(
                          mut_: None,
                          label: None,
                          name: Node(
                            kind: "book_msg",
                            span: Span(
                              start: 175,
                              end: 183,
                            ),
                          ),
                          typ: Node(
                            kind: Base(
                              base: "BookMsg",
                            ),
                            span: Span(
                              start: 185,
                              end: 192,
                            ),
                          ),
                        ),
                        span: Span(
                          start: 175,
                          end: 192,
                        ),
                      ),
                    ],
                    return_type: None,
                  ),
                  span: Span(
                    start: 157,
                    end: 193,
                  ),
                ),
                body: [
                  Node(
                    kind: Assign(
                      target: Node(
                        kind: Subscript(
                          value: Node(
                            kind: Attribute(
                              value: Node(
                                kind: Name("self"),
                                span: Span(
                                  start: 204,
                                  end: 208,
                                ),
                              ),
                              attr: Node(
                                kind: "guest_book",
                                span: Span(
                                  start: 209,
                                  end: 219,
                                ),
                              ),
                            ),
                            span: Span(
                              start: 204,
                              end: 219,
                            ),
                          ),
                          index: Node(
                            kind: Attribute(
                              value: Node(
                                kind: Name("msg"),
                                span: Span(
                                  start: 220,
                                  end: 223,
                                ),
                              ),
                              attr: Node(
                                kind: "sender",
                                span: Span(
                                  start: 224,
                                  end: 230,
                                ),
                              ),
                            ),
                            span: Span(
                              start: 220,
                              end: 230,
                            ),
                          ),
                        ),
                        span: Span(
                          start: 204,
                          end: 231,
                        ),
                      ),
                      value: Node(
                        kind: Name("book_msg"),
                        span: Span(
                          start: 234,
                          end: 242,
                        ),
                      ),
                    ),
                    span: Span(
                      start: 204,
                      end: 242,
                    ),
                  ),
                  Node(
                    kind: Expr(
                      value: Node(
                        kind: Call(
                          func: Node(
                            kind: Attribute(
                              value: Node(
                                kind: Name("ctx"),
                                span: Span(
                                  start: 252,
                                  end: 255,
                                ),
                              ),
                              attr: Node(
                                kind: "emit",
                                span: Span(
                                  start: 256,
                                  end: 260,
                                ),
                              ),
                            ),
                            span: Span(
                              start: 252,
                              end: 260,
                            ),
                          ),
                          generic_args: None,
                          args: Node(
                            kind: [
                              Node(
                                kind: CallArg(
                                  label: None,
                                  value: Node(
                                    kind: Call(
                                      func: Node(
                                        kind: Name("Signed"),
                                        span: Span(
                                          start: 261,
                                          end: 267,
                                        ),
                                      ),
                                      generic_args: None,
                                      args: Node(
                                        kind: [
                                          Node(
                                            kind: CallArg(
                                              label: Some(Node(
                                                kind: "book_msg",
                                                span: Span(
                                                  start: 268,
                                                  end: 276,
                                                ),
                                              )),
                                              value: Node(
                                                kind: Name("book_msg"),
                                                span: Span(
                                                  start: 278,
                                                  end: 286,
                                                ),
                                              ),
                                            ),
                                            span: Span(
                                              start: 268,
                                              end: 286,
                                            ),
                                          ),
                                        ],
                                        span: Span(
                                          start: 267,
                                          end: 287,
                                        ),
                                      ),
                                    ),
                                    span: Span(
                                      start: 261,
                                      end: 287,
                                    ),
                                  ),
                                ),
                                span: Span(
                                  start: 261,
                                  end: 287,
                                ),
                              ),
                            ],
                            span: Span(
                              start: 260,
                              end: 288,
                            ),
                          ),
                        ),
                        span: Span(
                          start: 252,
                          end: 288,
                        ),
                      ),
                    ),
                    span: Span(
                      start: 252,
                      end: 288,
                    ),
                  ),
                ],
              ),
              span: Span(
                start: 157,
                end: 294,
              ),
            )),
            Function(Node(
              kind: Function(
                sig: Node(
                  kind: FunctionSignature(
                    pub_: Some(Span(
                      start: 299,
                      end: 302,
                    )),
                    unsafe_: None,
                    name: Node(
                      kind: "get_msg",
                      span: Span(
                        start: 306,
                        end: 313,
                      ),
                    ),
                    generic_params: Node(
                      kind: [],
                      span: Span(
                        start: 306,
                        end: 313,
                      ),
                    ),
                    args: [
                      Node(
                        kind: Self_(
                          mut_: None,
                        ),
                        span: Span(
                          start: 314,
                          end: 318,
                        ),
                      ),
                      Node(
                        kind: Regular(
                          mut_: None,
                          label: None,
                          name: Node(
                            kind: "addr",
                            span: Span(
                              start: 320,
                              end: 324,
                            ),
                          ),
                          typ: Node(
                            kind: Base(
                              base: "address",
                            ),
                            span: Span(
                              start: 326,
                              end: 333,
                            ),
                          ),
                        ),
                        span: Span(
                          start: 320,
                          end: 333,
                        ),
                      ),
                    ],
                    return_type: Some(Node(
                      kind: Base(
                        base: "BookMsg",
                      ),
                      span: Span(
                        start: 338,
                        end: 345,
                      ),
                    )),
                  ),
                  span: Span(
                    start: 299,
                    end: 345,
                  ),
                ),
                body: [
                  Node(
                    kind: Return(
                      value: Some(Node(
                        kind: Subscript(
                          value: Node(
                            kind: Attribute(
                              value: Node(
                                kind: Name("self"),
                                span: Span(
                                  start: 363,
                                  end: 367,
                                ),
                              ),
                              attr: Node(
                                kind: "guest_book",
                                span: Span(
                                  start: 368,
                                  end: 378,
                                ),
                              ),
                            ),
                            span: Span(
                              start: 363,
                              end: 378,
                            ),
                          ),
                          index: Node(
                            kind: Name("addr"),
                            span: Span(
                              start: 379,
                              end: 383,
                            ),
                          ),
                        ),
                        span: Span(
                          start: 363,
                          end: 384,
                        ),
                      )),
                    ),
                    span: Span(
                      start: 356,
                      end: 384,
                    ),
                  ),
                ],
              ),
              span: Span(
                start: 299,
                end: 390,
              ),
            )),
          ],
          pub_qual: None,
        ),
        span: Span(
          start: 89,
          end: 392,
        ),
      )),
    ],
  ),
  span: Span(
    start: 0,
    end: 392,
  ),
)
