---
source: crates/fe/tests/cli_output.rs
expression: output
---
=== STDERR ===
❌ Config validation error at file://<project>/crates/fe/tests/fixtures/cli_output/ingots/missing_metadata/: Missing ingot metadata
❌ Failed to resolve ingot dependency 'file://<project>/crates/fe/tests/fixtures/cli_output/ingots/missing_metadata/nonexistent/': Directory does not exist: file://<project>/crates/fe/tests/fixtures/cli_output/ingots/missing_metadata/nonexistent/

=== EXIT CODE: 1 ===
